Jun 05 10:13:32 laptop kernel: Linux version 6.18.33 (nixbld@localhost) (gcc (GCC) 15.2.0, GNU ld (GNU Binutils) 2.46) #1-NixOS SMP PREEMPT_DYNAMIC Sat May 23 11:07:21 UTC 2026
Jun 05 10:13:32 laptop kernel: Command line: initrd=\EFI\nixos\js57b2zlh48lbrf9d5in6dwhd8c928gp-initrd-linux-6.18.33-initrd.efi init=/nix/store/3fgs5nqh1p2d6wxq9wqffyan73bzn9p6-nixos-system-laptop-26.11.20260531.331800d/init root=fstab loglevel=4 lsm=landlock,yama,bpf vt.default_red=0x1a,0xc0,0x9e,0x0d,0x2a,0xbb,0xb4,0xa9,0x44,0xc0,0x9e,0x0d,0x2a,0xbb,0xb4,0xd5 vt.default_grn=0x1b,0xca,0xce,0xb9,0xc3,0x9a,0xf9,0xb1,0x4b,0xca,0xce,0xb9,0xc3,0x9a,0xf9,0xd6 vt.default_blu=0x26,0xf5,0x6a,0xd7,0xde,0xf7,0xf8,0xd6,0x6a,0xf5,0x6a,0xd7,0xde,0xf7,0xf8,0xdb
Jun 05 10:13:32 laptop kernel: BIOS-provided physical RAM map:
Jun 05 10:13:32 laptop kernel: BIOS-e820: [mem 0x0000000000000000-0x000000000009dfff] usable
Jun 05 10:13:32 laptop kernel: BIOS-e820: [mem 0x000000000009e000-0x000000000009efff] reserved
Jun 05 10:13:32 laptop kernel: BIOS-e820: [mem 0x000000000009f000-0x000000000009ffff] usable
Jun 05 10:13:32 laptop kernel: BIOS-e820: [mem 0x00000000000a0000-0x00000000000fffff] reserved
Jun 05 10:13:32 laptop kernel: BIOS-e820: [mem 0x0000000000100000-0x000000003fffffff] usable
Jun 05 10:13:32 laptop kernel: BIOS-e820: [mem 0x0000000040000000-0x00000000403fffff] reserved
Jun 05 10:13:32 laptop kernel: BIOS-e820: [mem 0x0000000040400000-0x00000000704eafff] usable
Jun 05 10:13:32 laptop kernel: BIOS-e820: [mem 0x00000000704eb000-0x00000000704ebfff] ACPI NVS
Jun 05 10:13:32 laptop kernel: BIOS-e820: [mem 0x00000000704ec000-0x00000000704ecfff] reserved
Jun 05 10:13:32 laptop kernel: BIOS-e820: [mem 0x00000000704ed000-0x0000000078297fff] usable
Jun 05 10:13:32 laptop kernel: BIOS-e820: [mem 0x0000000078298000-0x0000000078945fff] reserved
Jun 05 10:13:32 laptop kernel: BIOS-e820: [mem 0x0000000078946000-0x00000000789c2fff] ACPI data
Jun 05 10:13:32 laptop kernel: BIOS-e820: [mem 0x00000000789c3000-0x0000000078e61fff] ACPI NVS
Jun 05 10:13:32 laptop kernel: BIOS-e820: [mem 0x0000000078e62000-0x000000007acfefff] reserved
Jun 05 10:13:32 laptop kernel: BIOS-e820: [mem 0x000000007acff000-0x000000007acfffff] usable
Jun 05 10:13:32 laptop kernel: BIOS-e820: [mem 0x000000007ad00000-0x000000007f7fffff] reserved
Jun 05 10:13:32 laptop kernel: BIOS-e820: [mem 0x00000000f0000000-0x00000000f7ffffff] reserved
Jun 05 10:13:32 laptop kernel: BIOS-e820: [mem 0x00000000fe000000-0x00000000fe010fff] reserved
Jun 05 10:13:32 laptop kernel: BIOS-e820: [mem 0x00000000fec00000-0x00000000fec00fff] reserved
Jun 05 10:13:32 laptop kernel: BIOS-e820: [mem 0x00000000fee00000-0x00000000fee00fff] reserved
Jun 05 10:13:32 laptop kernel: BIOS-e820: [mem 0x00000000ff000000-0x00000000ffffffff] reserved
Jun 05 10:13:32 laptop kernel: BIOS-e820: [mem 0x0000000100000000-0x000000107c7fffff] usable
Jun 05 10:13:32 laptop kernel: NX (Execute Disable) protection: active
Jun 05 10:13:32 laptop kernel: APIC: Static calls initialized
Jun 05 10:13:32 laptop kernel: efi: EFI v2.7 by American Megatrends
Jun 05 10:13:32 laptop kernel: efi: ACPI 2.0=0x7895f000 ACPI=0x7895f000 SMBIOS=0xf0000 SMBIOS 3.0=0xf0020 TPMFinalLog=0x78dc0000 ESRT=0x7a6d6798 MEMATTR=0x731aa198 RNG=0x7895ef18 INITRD=0x69a48f98 TPMEventLog=0x78954018 
Jun 05 10:13:32 laptop kernel: random: crng init done
Jun 05 10:13:32 laptop kernel: efi: Remove mem51: MMIO range=[0xf0000000-0xf7ffffff] (128MB) from e820 map
Jun 05 10:13:32 laptop kernel: e820: remove [mem 0xf0000000-0xf7ffffff] reserved
Jun 05 10:13:32 laptop kernel: efi: Not removing mem52: MMIO range=[0xfe000000-0xfe010fff] (68KB) from e820 map
Jun 05 10:13:32 laptop kernel: efi: Not removing mem53: MMIO range=[0xfec00000-0xfec00fff] (4KB) from e820 map
Jun 05 10:13:32 laptop kernel: efi: Not removing mem54: MMIO range=[0xfee00000-0xfee00fff] (4KB) from e820 map
Jun 05 10:13:32 laptop kernel: efi: Remove mem55: MMIO range=[0xff000000-0xffffffff] (16MB) from e820 map
Jun 05 10:13:32 laptop kernel: e820: remove [mem 0xff000000-0xffffffff] reserved
Jun 05 10:13:32 laptop kernel: SMBIOS 3.2.1 present.
Jun 05 10:13:32 laptop kernel: DMI: Dell Inc. Latitude 7400/07WDVW, BIOS 1.39.0 03/06/2025
Jun 05 10:13:32 laptop kernel: DMI: Memory slots populated: 2/2
Jun 05 10:13:32 laptop kernel: tsc: Detected 2100.000 MHz processor
Jun 05 10:13:32 laptop kernel: tsc: Detected 2099.944 MHz TSC
Jun 05 10:13:32 laptop kernel: e820: update [mem 0x00000000-0x00000fff] usable ==> reserved
Jun 05 10:13:32 laptop kernel: e820: remove [mem 0x000a0000-0x000fffff] usable
Jun 05 10:13:32 laptop kernel: last_pfn = 0x107c800 max_arch_pfn = 0x400000000
Jun 05 10:13:32 laptop kernel: MTRR map: 6 entries (3 fixed + 3 variable; max 23), built from 10 variable MTRRs
Jun 05 10:13:32 laptop kernel: x86/PAT: Configuration [0-7]: WB  WC  UC- UC  WB  WP  UC- WT  
Jun 05 10:13:32 laptop kernel: last_pfn = 0x7ad00 max_arch_pfn = 0x400000000
Jun 05 10:13:32 laptop kernel: esrt: Reserving ESRT space from 0x000000007a6d6798 to 0x000000007a6d67d0.
Jun 05 10:13:32 laptop kernel: Using GB pages for direct mapping
Jun 05 10:13:32 laptop kernel: Secure boot disabled
Jun 05 10:13:32 laptop kernel: RAMDISK: [mem 0x6717d000-0x69a46fff]
Jun 05 10:13:32 laptop kernel: ACPI: Early table checksum verification disabled
Jun 05 10:13:32 laptop kernel: ACPI: RSDP 0x000000007895F000 000024 (v02 DELL  )
Jun 05 10:13:32 laptop kernel: ACPI: XSDT 0x000000007895F0C0 000104 (v01 DELL   CBX3     01072009 AMI  00010013)
Jun 05 10:13:32 laptop kernel: ACPI: FACP 0x00000000789A42E0 000114 (v06 DELL   CBX3     01072009 AMI  00010013)
Jun 05 10:13:32 laptop kernel: ACPI: DSDT 0x000000007895F258 045086 (v02 DELL   CBX3     01072009 INTL 20160527)
Jun 05 10:13:32 laptop kernel: ACPI: FACS 0x0000000078E60C00 000040
Jun 05 10:13:32 laptop kernel: ACPI: APIC 0x00000000789A43F8 0000BC (v04 DELL   CBX3     01072009 AMI  00010013)
Jun 05 10:13:32 laptop kernel: ACPI: FPDT 0x00000000789A44B8 000044 (v01 DELL   CBX3     01072009 AMI  00010013)
Jun 05 10:13:32 laptop kernel: ACPI: FIDT 0x00000000789A4500 00009C (v01 DELL   CBX3     01072009 AMI  00010013)
Jun 05 10:13:32 laptop kernel: ACPI: MCFG 0x00000000789A45A0 00003C (v01 DELL   CBX3     01072009 MSFT 00000097)
Jun 05 10:13:32 laptop kernel: ACPI: SSDT 0x00000000789A45E0 001B26 (v02 CpuRef CpuSsdt  00003000 INTL 20160527)
Jun 05 10:13:32 laptop kernel: ACPI: BOOT 0x00000000789A6108 000028 (v01 DELL   CBX3     01072009 AMI  00010013)
Jun 05 10:13:32 laptop kernel: ACPI: SSDT 0x00000000789A6130 001663 (v02 SaSsdt SaSsdt   00003000 INTL 20160527)
Jun 05 10:13:32 laptop kernel: ACPI: HPET 0x00000000789A7798 000038 (v01 DELL\x CBX3     00000002      01000013)
Jun 05 10:13:32 laptop kernel: ACPI: SSDT 0x00000000789A77D0 00208B (v02 DELL\x WHL_Tbt_ 00001000 INTL 20160527)
Jun 05 10:13:32 laptop kernel: ACPI: SSDT 0x00000000789A9860 0030D6 (v02 INTEL  xh_whld4 00000000 INTL 20160527)
Jun 05 10:13:32 laptop kernel: ACPI: UEFI 0x00000000789AC938 000042 (v01 DELL\x CBX3     00000002      01000013)
Jun 05 10:13:32 laptop kernel: ACPI: LPIT 0x00000000789AC980 000094 (v01 DELL\x CBX3     00000002      01000013)
Jun 05 10:13:32 laptop kernel: ACPI: WSMT 0x00000000789ACA18 000028 (v01 DELL   CBX3     00000002      01000013)
Jun 05 10:13:32 laptop kernel: ACPI: SSDT 0x00000000789ACA40 0027DE (v02 DELL\x PtidDevc 00001000 INTL 20160527)
Jun 05 10:13:32 laptop kernel: ACPI: SSDT 0x00000000789AF220 000AE4 (v02 DELL\x TbtTypeC 00000000 INTL 20160527)
Jun 05 10:13:32 laptop kernel: ACPI: DBGP 0x00000000789AFD08 000034 (v01 DELL\x CBX3     00000002      01000013)
Jun 05 10:13:32 laptop kernel: ACPI: DBG2 0x00000000789AFD40 000054 (v00 DELL\x CBX3     00000002      01000013)
Jun 05 10:13:32 laptop kernel: ACPI: SSDT 0x00000000789AFD98 0007C6 (v02 DELL\x UsbCTabl 00001000 INTL 20160527)
Jun 05 10:13:32 laptop kernel: ACPI: SSDT 0x00000000789B0560 0059DA (v02 DptfTa DptfTabl 00001000 INTL 20160527)
Jun 05 10:13:32 laptop kernel: ACPI: MSDM 0x00000000789B5F40 000055 (v03 DELL   CBX3     06222004 AMI  00010013)
Jun 05 10:13:32 laptop kernel: ACPI: SLIC 0x00000000789B5F98 000176 (v03 DELL   CBX3     01072009 MSFT 00010013)
Jun 05 10:13:32 laptop kernel: ACPI: DMAR 0x00000000789B6110 0000C8 (v01 INTEL  EDK2     00000002      01000013)
Jun 05 10:13:32 laptop kernel: ACPI: SSDT 0x00000000789B61D8 000144 (v02 Intel  ADebTabl 00001000 INTL 20160527)
Jun 05 10:13:32 laptop kernel: ACPI: NHLT 0x00000000789B6320 00002D (v00 INTEL  EDK2     00000002      01000013)
Jun 05 10:13:32 laptop kernel: ACPI: BGRT 0x00000000789B6350 000038 (v00 DELL   CBX3     01072009 AMI  00010013)
Jun 05 10:13:32 laptop kernel: ACPI: TPM2 0x00000000789B6388 000034 (v04 DELL\x CBX3     00000001 AMI  00000000)
Jun 05 10:13:32 laptop kernel: ACPI: ASF! 0x00000000789B63C0 0000A0 (v32 DELL\x CBX3     00000002      01000013)
Jun 05 10:13:32 laptop kernel: ACPI: Reserving FACP table memory at [mem 0x789a42e0-0x789a43f3]
Jun 05 10:13:32 laptop kernel: ACPI: Reserving DSDT table memory at [mem 0x7895f258-0x789a42dd]
Jun 05 10:13:32 laptop kernel: ACPI: Reserving FACS table memory at [mem 0x78e60c00-0x78e60c3f]
Jun 05 10:13:32 laptop kernel: ACPI: Reserving APIC table memory at [mem 0x789a43f8-0x789a44b3]
Jun 05 10:13:32 laptop kernel: ACPI: Reserving FPDT table memory at [mem 0x789a44b8-0x789a44fb]
Jun 05 10:13:32 laptop kernel: ACPI: Reserving FIDT table memory at [mem 0x789a4500-0x789a459b]
Jun 05 10:13:32 laptop kernel: ACPI: Reserving MCFG table memory at [mem 0x789a45a0-0x789a45db]
Jun 05 10:13:32 laptop kernel: ACPI: Reserving SSDT table memory at [mem 0x789a45e0-0x789a6105]
Jun 05 10:13:32 laptop kernel: ACPI: Reserving BOOT table memory at [mem 0x789a6108-0x789a612f]
Jun 05 10:13:32 laptop kernel: ACPI: Reserving SSDT table memory at [mem 0x789a6130-0x789a7792]
Jun 05 10:13:32 laptop kernel: ACPI: Reserving HPET table memory at [mem 0x789a7798-0x789a77cf]
Jun 05 10:13:32 laptop kernel: ACPI: Reserving SSDT table memory at [mem 0x789a77d0-0x789a985a]
Jun 05 10:13:32 laptop kernel: ACPI: Reserving SSDT table memory at [mem 0x789a9860-0x789ac935]
Jun 05 10:13:32 laptop kernel: ACPI: Reserving UEFI table memory at [mem 0x789ac938-0x789ac979]
Jun 05 10:13:32 laptop kernel: ACPI: Reserving LPIT table memory at [mem 0x789ac980-0x789aca13]
Jun 05 10:13:32 laptop kernel: ACPI: Reserving WSMT table memory at [mem 0x789aca18-0x789aca3f]
Jun 05 10:13:32 laptop kernel: ACPI: Reserving SSDT table memory at [mem 0x789aca40-0x789af21d]
Jun 05 10:13:32 laptop kernel: ACPI: Reserving SSDT table memory at [mem 0x789af220-0x789afd03]
Jun 05 10:13:32 laptop kernel: ACPI: Reserving DBGP table memory at [mem 0x789afd08-0x789afd3b]
Jun 05 10:13:32 laptop kernel: ACPI: Reserving DBG2 table memory at [mem 0x789afd40-0x789afd93]
Jun 05 10:13:32 laptop kernel: ACPI: Reserving SSDT table memory at [mem 0x789afd98-0x789b055d]
Jun 05 10:13:32 laptop kernel: ACPI: Reserving SSDT table memory at [mem 0x789b0560-0x789b5f39]
Jun 05 10:13:32 laptop kernel: ACPI: Reserving MSDM table memory at [mem 0x789b5f40-0x789b5f94]
Jun 05 10:13:32 laptop kernel: ACPI: Reserving SLIC table memory at [mem 0x789b5f98-0x789b610d]
Jun 05 10:13:32 laptop kernel: ACPI: Reserving DMAR table memory at [mem 0x789b6110-0x789b61d7]
Jun 05 10:13:32 laptop kernel: ACPI: Reserving SSDT table memory at [mem 0x789b61d8-0x789b631b]
Jun 05 10:13:32 laptop kernel: ACPI: Reserving NHLT table memory at [mem 0x789b6320-0x789b634c]
Jun 05 10:13:32 laptop kernel: ACPI: Reserving BGRT table memory at [mem 0x789b6350-0x789b6387]
Jun 05 10:13:32 laptop kernel: ACPI: Reserving TPM2 table memory at [mem 0x789b6388-0x789b63bb]
Jun 05 10:13:32 laptop kernel: ACPI: Reserving ASF! table memory at [mem 0x789b63c0-0x789b645f]
Jun 05 10:13:32 laptop kernel: No NUMA configuration found
Jun 05 10:13:32 laptop kernel: Faking a node at [mem 0x0000000000000000-0x000000107c7fffff]
Jun 05 10:13:32 laptop kernel: NODE_DATA(0) allocated [mem 0x107c7fa780-0x107c7ffcff]
Jun 05 10:13:32 laptop kernel: Zone ranges:
Jun 05 10:13:32 laptop kernel:   DMA      [mem 0x0000000000001000-0x0000000000ffffff]
Jun 05 10:13:32 laptop kernel:   DMA32    [mem 0x0000000001000000-0x00000000ffffffff]
Jun 05 10:13:32 laptop kernel:   Normal   [mem 0x0000000100000000-0x000000107c7fffff]
Jun 05 10:13:32 laptop kernel:   Device   empty
Jun 05 10:13:32 laptop kernel: Movable zone start for each node
Jun 05 10:13:32 laptop kernel: Early memory node ranges
Jun 05 10:13:32 laptop kernel:   node   0: [mem 0x0000000000001000-0x000000000009dfff]
Jun 05 10:13:32 laptop kernel:   node   0: [mem 0x000000000009f000-0x000000000009ffff]
Jun 05 10:13:32 laptop kernel:   node   0: [mem 0x0000000000100000-0x000000003fffffff]
Jun 05 10:13:32 laptop kernel:   node   0: [mem 0x0000000040400000-0x00000000704eafff]
Jun 05 10:13:32 laptop kernel:   node   0: [mem 0x00000000704ed000-0x0000000078297fff]
Jun 05 10:13:32 laptop kernel:   node   0: [mem 0x000000007acff000-0x000000007acfffff]
Jun 05 10:13:32 laptop kernel:   node   0: [mem 0x0000000100000000-0x000000107c7fffff]
Jun 05 10:13:32 laptop kernel: Initmem setup node 0 [mem 0x0000000000001000-0x000000107c7fffff]
Jun 05 10:13:32 laptop kernel: On node 0, zone DMA: 1 pages in unavailable ranges
Jun 05 10:13:32 laptop kernel: On node 0, zone DMA: 1 pages in unavailable ranges
Jun 05 10:13:32 laptop kernel: On node 0, zone DMA: 96 pages in unavailable ranges
Jun 05 10:13:32 laptop kernel: On node 0, zone DMA32: 1024 pages in unavailable ranges
Jun 05 10:13:32 laptop kernel: On node 0, zone DMA32: 2 pages in unavailable ranges
Jun 05 10:13:32 laptop kernel: On node 0, zone DMA32: 10855 pages in unavailable ranges
Jun 05 10:13:32 laptop kernel: On node 0, zone Normal: 21248 pages in unavailable ranges
Jun 05 10:13:32 laptop kernel: On node 0, zone Normal: 14336 pages in unavailable ranges
Jun 05 10:13:32 laptop kernel: Reserving Intel graphics memory at [mem 0x7d800000-0x7f7fffff]
Jun 05 10:13:32 laptop kernel: ACPI: PM-Timer IO Port: 0x1808
Jun 05 10:13:32 laptop kernel: ACPI: LAPIC_NMI (acpi_id[0x01] high edge lint[0x1])
Jun 05 10:13:32 laptop kernel: ACPI: LAPIC_NMI (acpi_id[0x02] high edge lint[0x1])
Jun 05 10:13:32 laptop kernel: ACPI: LAPIC_NMI (acpi_id[0x03] high edge lint[0x1])
Jun 05 10:13:32 laptop kernel: ACPI: LAPIC_NMI (acpi_id[0x04] high edge lint[0x1])
Jun 05 10:13:32 laptop kernel: ACPI: LAPIC_NMI (acpi_id[0x05] high edge lint[0x1])
Jun 05 10:13:32 laptop kernel: ACPI: LAPIC_NMI (acpi_id[0x06] high edge lint[0x1])
Jun 05 10:13:32 laptop kernel: ACPI: LAPIC_NMI (acpi_id[0x07] high edge lint[0x1])
Jun 05 10:13:32 laptop kernel: ACPI: LAPIC_NMI (acpi_id[0x08] high edge lint[0x1])
Jun 05 10:13:32 laptop kernel: IOAPIC[0]: apic_id 2, version 32, address 0xfec00000, GSI 0-119
Jun 05 10:13:32 laptop kernel: ACPI: INT_SRC_OVR (bus 0 bus_irq 0 global_irq 2 dfl dfl)
Jun 05 10:13:32 laptop kernel: ACPI: INT_SRC_OVR (bus 0 bus_irq 9 global_irq 9 high level)
Jun 05 10:13:32 laptop kernel: ACPI: Using ACPI (MADT) for SMP configuration information
Jun 05 10:13:32 laptop kernel: ACPI: HPET id: 0x8086a201 base: 0xfed00000
Jun 05 10:13:32 laptop kernel: e820: update [mem 0x733b4000-0x7343cfff] usable ==> reserved
Jun 05 10:13:32 laptop kernel: TSC deadline timer available
Jun 05 10:13:32 laptop kernel: CPU topo: Max. logical packages:   1
Jun 05 10:13:32 laptop kernel: CPU topo: Max. logical dies:       1
Jun 05 10:13:32 laptop kernel: CPU topo: Max. dies per package:   1
Jun 05 10:13:32 laptop kernel: CPU topo: Max. threads per core:   2
Jun 05 10:13:32 laptop kernel: CPU topo: Num. cores per package:     4
Jun 05 10:13:32 laptop kernel: CPU topo: Num. threads per package:   8
Jun 05 10:13:32 laptop kernel: CPU topo: Allowing 8 present CPUs plus 0 hotplug CPUs
Jun 05 10:13:32 laptop kernel: PM: hibernation: Registered nosave memory: [mem 0x00000000-0x00000fff]
Jun 05 10:13:32 laptop kernel: PM: hibernation: Registered nosave memory: [mem 0x0009e000-0x0009efff]
Jun 05 10:13:32 laptop kernel: PM: hibernation: Registered nosave memory: [mem 0x000a0000-0x000fffff]
Jun 05 10:13:32 laptop kernel: PM: hibernation: Registered nosave memory: [mem 0x40000000-0x403fffff]
Jun 05 10:13:32 laptop kernel: PM: hibernation: Registered nosave memory: [mem 0x704eb000-0x704ecfff]
Jun 05 10:13:32 laptop kernel: PM: hibernation: Registered nosave memory: [mem 0x733b4000-0x7343cfff]
Jun 05 10:13:32 laptop kernel: PM: hibernation: Registered nosave memory: [mem 0x78298000-0x7acfefff]
Jun 05 10:13:32 laptop kernel: PM: hibernation: Registered nosave memory: [mem 0x7ad00000-0xffffffff]
Jun 05 10:13:32 laptop kernel: [mem 0x7f800000-0xfdffffff] available for PCI devices
Jun 05 10:13:32 laptop kernel: Booting paravirtualized kernel on bare hardware
Jun 05 10:13:32 laptop kernel: clocksource: refined-jiffies: mask: 0xffffffff max_cycles: 0xffffffff, max_idle_ns: 1910969940391419 ns
Jun 05 10:13:32 laptop kernel: setup_percpu: NR_CPUS:384 nr_cpumask_bits:8 nr_cpu_ids:8 nr_node_ids:1
Jun 05 10:13:32 laptop kernel: percpu: Embedded 98 pages/cpu s278528 r8192 d114688 u524288
Jun 05 10:13:32 laptop kernel: pcpu-alloc: s278528 r8192 d114688 u524288 alloc=1*2097152
Jun 05 10:13:32 laptop kernel: pcpu-alloc: [0] 0 1 2 3 [0] 4 5 6 7 
Jun 05 10:13:32 laptop kernel: Kernel command line: initrd=\EFI\nixos\js57b2zlh48lbrf9d5in6dwhd8c928gp-initrd-linux-6.18.33-initrd.efi init=/nix/store/3fgs5nqh1p2d6wxq9wqffyan73bzn9p6-nixos-system-laptop-26.11.20260531.331800d/init root=fstab loglevel=4 lsm=landlock,yama,bpf vt.default_red=0x1a,0xc0,0x9e,0x0d,0x2a,0xbb,0xb4,0xa9,0x44,0xc0,0x9e,0x0d,0x2a,0xbb,0xb4,0xd5 vt.default_grn=0x1b,0xca,0xce,0xb9,0xc3,0x9a,0xf9,0xb1,0x4b,0xca,0xce,0xb9,0xc3,0x9a,0xf9,0xd6 vt.default_blu=0x26,0xf5,0x6a,0xd7,0xde,0xf7,0xf8,0xd6,0x6a,0xf5,0x6a,0xd7,0xde,0xf7,0xf8,0xdb
Jun 05 10:13:32 laptop kernel: printk: log buffer data + meta data: 262144 + 917504 = 1179648 bytes
Jun 05 10:13:32 laptop kernel: Dentry cache hash table entries: 8388608 (order: 14, 67108864 bytes, linear)
Jun 05 10:13:32 laptop kernel: Inode-cache hash table entries: 4194304 (order: 13, 33554432 bytes, linear)
Jun 05 10:13:32 laptop kernel: software IO TLB: area num 8.
Jun 05 10:13:32 laptop kernel: Fallback order for Node 0: 0 
Jun 05 10:13:32 laptop kernel: Built 1 zonelists, mobility grouping on.  Total pages: 16729653
Jun 05 10:13:32 laptop kernel: Policy zone: Normal
Jun 05 10:13:32 laptop kernel: mem auto-init: stack:all(zero), heap alloc:on, heap free:off
Jun 05 10:13:32 laptop kernel: SLUB: HWalign=64, Order=0-3, MinObjects=0, CPUs=8, Nodes=1
Jun 05 10:13:32 laptop kernel: allocated 134217728 bytes of page_ext
Jun 05 10:13:32 laptop kernel: ftrace: allocating 48552 entries in 192 pages
Jun 05 10:13:32 laptop kernel: ftrace: allocated 192 pages with 2 groups
Jun 05 10:13:32 laptop kernel: Dynamic Preempt: lazy
Jun 05 10:13:32 laptop kernel: rcu: Preemptible hierarchical RCU implementation.
Jun 05 10:13:32 laptop kernel: rcu:         RCU event tracing is enabled.
Jun 05 10:13:32 laptop kernel: rcu:         RCU restricting CPUs from NR_CPUS=384 to nr_cpu_ids=8.
Jun 05 10:13:32 laptop kernel:         Trampoline variant of Tasks RCU enabled.
Jun 05 10:13:32 laptop kernel:         Rude variant of Tasks RCU enabled.
Jun 05 10:13:32 laptop kernel:         Tracing variant of Tasks RCU enabled.
Jun 05 10:13:32 laptop kernel: rcu: RCU calculated value of scheduler-enlistment delay is 100 jiffies.
Jun 05 10:13:32 laptop kernel: rcu: Adjusting geometry for rcu_fanout_leaf=16, nr_cpu_ids=8
Jun 05 10:13:32 laptop kernel: RCU Tasks: Setting shift to 3 and lim to 1 rcu_task_cb_adjust=1 rcu_task_cpu_ids=8.
Jun 05 10:13:32 laptop kernel: RCU Tasks Rude: Setting shift to 3 and lim to 1 rcu_task_cb_adjust=1 rcu_task_cpu_ids=8.
Jun 05 10:13:32 laptop kernel: RCU Tasks Trace: Setting shift to 3 and lim to 1 rcu_task_cb_adjust=1 rcu_task_cpu_ids=8.
Jun 05 10:13:32 laptop kernel: NR_IRQS: 24832, nr_irqs: 2048, preallocated irqs: 16
Jun 05 10:13:32 laptop kernel: rcu: srcu_init: Setting srcu_struct sizes based on contention.
Jun 05 10:13:32 laptop kernel: kfence: initialized - using 2097152 bytes for 255 objects at 0x(____ptrval____)-0x(____ptrval____)
Jun 05 10:13:32 laptop kernel: Console: colour dummy device 80x25
Jun 05 10:13:32 laptop kernel: printk: legacy console [tty0] enabled
Jun 05 10:13:32 laptop kernel: ACPI: Core revision 20250807
Jun 05 10:13:32 laptop kernel: hpet: HPET dysfunctional in PC10. Force disabled.
Jun 05 10:13:32 laptop kernel: APIC: Switch to symmetric I/O mode setup
Jun 05 10:13:32 laptop kernel: DMAR: Host address width 39
Jun 05 10:13:32 laptop kernel: DMAR: DRHD base: 0x000000fed90000 flags: 0x0
Jun 05 10:13:32 laptop kernel: DMAR: dmar0: reg_base_addr fed90000 ver 1:0 cap 1c0000c40660462 ecap 19e2ff0505e
Jun 05 10:13:32 laptop kernel: DMAR: DRHD base: 0x000000fed91000 flags: 0x1
Jun 05 10:13:32 laptop kernel: DMAR: dmar1: reg_base_addr fed91000 ver 1:0 cap d2008c40660462 ecap f050da
Jun 05 10:13:32 laptop kernel: DMAR: RMRR base: 0x00000078822000 end: 0x00000078841fff
Jun 05 10:13:32 laptop kernel: DMAR: RMRR base: 0x0000007d000000 end: 0x0000007f7fffff
Jun 05 10:13:32 laptop kernel: DMAR: RMRR base: 0x000000788c6000 end: 0x00000078945fff
Jun 05 10:13:32 laptop kernel: DMAR-IR: IOAPIC id 2 under DRHD base  0xfed91000 IOMMU 1
Jun 05 10:13:32 laptop kernel: DMAR-IR: HPET id 0 under DRHD base 0xfed91000
Jun 05 10:13:32 laptop kernel: DMAR-IR: Queued invalidation will be enabled to support x2apic and Intr-remapping.
Jun 05 10:13:32 laptop kernel: DMAR-IR: Enabled IRQ remapping in x2apic mode
Jun 05 10:13:32 laptop kernel: x2apic enabled
Jun 05 10:13:32 laptop kernel: APIC: Switched APIC routing to: cluster x2apic
Jun 05 10:13:32 laptop kernel: clocksource: tsc-early: mask: 0xffffffffffffffff max_cycles: 0x1e44fb6c2ab, max_idle_ns: 440795206594 ns
Jun 05 10:13:32 laptop kernel: Calibrating delay loop (skipped), value calculated using timer frequency.. 4199.88 BogoMIPS (lpj=2099944)
Jun 05 10:13:32 laptop kernel: x86/cpu: SGX disabled or unsupported by BIOS.
Jun 05 10:13:32 laptop kernel: CPU0: Thermal monitoring enabled (TM1)
Jun 05 10:13:32 laptop kernel: Last level iTLB entries: 4KB 64, 2MB 8, 4MB 8
Jun 05 10:13:32 laptop kernel: Last level dTLB entries: 4KB 64, 2MB 32, 4MB 32, 1GB 4
Jun 05 10:13:32 laptop kernel: process: using mwait in idle threads
Jun 05 10:13:32 laptop kernel: mitigations: Enabled attack vectors: user_kernel, user_user, guest_host, guest_guest, SMT mitigations: auto
Jun 05 10:13:32 laptop kernel: Speculative Store Bypass: Mitigation: Speculative Store Bypass disabled via prctl
Jun 05 10:13:32 laptop kernel: SRBDS: Mitigation: Microcode
Jun 05 10:13:32 laptop kernel: Spectre V2 : Mitigation: Enhanced / Automatic IBRS
Jun 05 10:13:32 laptop kernel: RETBleed: Mitigation: Enhanced IBRS
Jun 05 10:13:32 laptop kernel: ITS: Mitigation: Aligned branch/return thunks
Jun 05 10:13:32 laptop kernel: MMIO Stale Data: Mitigation: Clear CPU buffers
Jun 05 10:13:32 laptop kernel: VMSCAPE: Mitigation: IBPB before exit to userspace
Jun 05 10:13:32 laptop kernel: Spectre V1 : Mitigation: usercopy/swapgs barriers and __user pointer sanitization
Jun 05 10:13:32 laptop kernel: Spectre V2 : Spectre v2 / PBRSB-eIBRS: Retire a single CALL on VMEXIT
Jun 05 10:13:32 laptop kernel: Spectre V2 : mitigation: Enabling conditional Indirect Branch Prediction Barrier
Jun 05 10:13:32 laptop kernel: GDS: Mitigation: Microcode
Jun 05 10:13:32 laptop kernel: active return thunk: its_return_thunk
Jun 05 10:13:32 laptop kernel: Spectre V2 : Spectre BHI mitigation: SW BHB clearing on syscall and VM exit
Jun 05 10:13:32 laptop kernel: x86/fpu: Supporting XSAVE feature 0x001: 'x87 floating point registers'
Jun 05 10:13:32 laptop kernel: x86/fpu: Supporting XSAVE feature 0x002: 'SSE registers'
Jun 05 10:13:32 laptop kernel: x86/fpu: Supporting XSAVE feature 0x004: 'AVX registers'
Jun 05 10:13:32 laptop kernel: x86/fpu: Supporting XSAVE feature 0x008: 'MPX bounds registers'
Jun 05 10:13:32 laptop kernel: x86/fpu: Supporting XSAVE feature 0x010: 'MPX CSR'
Jun 05 10:13:32 laptop kernel: x86/fpu: xstate_offset[2]:  576, xstate_sizes[2]:  256
Jun 05 10:13:32 laptop kernel: x86/fpu: xstate_offset[3]:  832, xstate_sizes[3]:   64
Jun 05 10:13:32 laptop kernel: x86/fpu: xstate_offset[4]:  896, xstate_sizes[4]:   64
Jun 05 10:13:32 laptop kernel: x86/fpu: Enabled xstate features 0x1f, context size is 960 bytes, using 'compacted' format.
Jun 05 10:13:32 laptop kernel: Freeing SMP alternatives memory: 44K
Jun 05 10:13:32 laptop kernel: pid_max: default: 32768 minimum: 301
Jun 05 10:13:32 laptop kernel: LSM: initializing lsm=capability,landlock,yama,bpf,ima
Jun 05 10:13:32 laptop kernel: landlock: Up and running.
Jun 05 10:13:32 laptop kernel: Yama: becoming mindful.
Jun 05 10:13:32 laptop kernel: LSM support for eBPF active
Jun 05 10:13:32 laptop kernel: Mount-cache hash table entries: 131072 (order: 8, 1048576 bytes, linear)
Jun 05 10:13:32 laptop kernel: Mountpoint-cache hash table entries: 131072 (order: 8, 1048576 bytes, linear)
Jun 05 10:13:32 laptop kernel: smpboot: CPU0: Intel(R) Core(TM) i7-8665U CPU @ 1.90GHz (family: 0x6, model: 0x8e, stepping: 0xc)
Jun 05 10:13:32 laptop kernel: Performance Events: PEBS fmt3+, Skylake events, 32-deep LBR, full-width counters, Intel PMU driver.
Jun 05 10:13:32 laptop kernel: ... version:                   4
Jun 05 10:13:32 laptop kernel: ... bit width:                 48
Jun 05 10:13:32 laptop kernel: ... generic counters:          4
Jun 05 10:13:32 laptop kernel: ... generic bitmap:            000000000000000f
Jun 05 10:13:32 laptop kernel: ... fixed-purpose counters:    3
Jun 05 10:13:32 laptop kernel: ... fixed-purpose bitmap:      0000000000000007
Jun 05 10:13:32 laptop kernel: ... value mask:                0000ffffffffffff
Jun 05 10:13:32 laptop kernel: ... max period:                00007fffffffffff
Jun 05 10:13:32 laptop kernel: ... global_ctrl mask:          000000070000000f
Jun 05 10:13:32 laptop kernel: signal: max sigframe size: 2032
Jun 05 10:13:32 laptop kernel: Estimated ratio of average max frequency by base frequency (times 1024): 2048
Jun 05 10:13:32 laptop kernel: rcu: Hierarchical SRCU implementation.
Jun 05 10:13:32 laptop kernel: rcu:         Max phase no-delay instances is 400.
Jun 05 10:13:32 laptop kernel: Timer migration: 1 hierarchy levels; 8 children per group; 1 crossnode level
Jun 05 10:13:32 laptop kernel: NMI watchdog: Enabled. Permanently consumes one hw-PMU counter.
Jun 05 10:13:32 laptop kernel: smp: Bringing up secondary CPUs ...
Jun 05 10:13:32 laptop kernel: smpboot: x86: Booting SMP configuration:
Jun 05 10:13:32 laptop kernel: .... node  #0, CPUs:      #1 #2 #3 #4 #5 #6 #7
Jun 05 10:13:32 laptop kernel: MMIO Stale Data CPU bug present and SMT on, data leak possible. See https://www.kernel.org/doc/html/latest/admin-guide/hw-vuln/processor_mmio_stale_data.html for more details.
Jun 05 10:13:32 laptop kernel: smp: Brought up 1 node, 8 CPUs
Jun 05 10:13:32 laptop kernel: smpboot: Total of 8 processors activated (33599.10 BogoMIPS)
Jun 05 10:13:32 laptop kernel: Memory: 65382560K/66918612K available (17094K kernel code, 2721K rwdata, 13512K rodata, 3644K init, 3008K bss, 1377524K reserved, 0K cma-reserved)
Jun 05 10:13:32 laptop kernel: devtmpfs: initialized
Jun 05 10:13:32 laptop kernel: x86/mm: Memory block size: 2048MB
Jun 05 10:13:32 laptop kernel: ACPI: PM: Registering ACPI NVS region [mem 0x704eb000-0x704ebfff] (4096 bytes)
Jun 05 10:13:32 laptop kernel: ACPI: PM: Registering ACPI NVS region [mem 0x789c3000-0x78e61fff] (4845568 bytes)
Jun 05 10:13:32 laptop kernel: clocksource: jiffies: mask: 0xffffffff max_cycles: 0xffffffff, max_idle_ns: 1911260446275000 ns
Jun 05 10:13:32 laptop kernel: posixtimers hash table entries: 4096 (order: 4, 65536 bytes, linear)
Jun 05 10:13:32 laptop kernel: futex hash table entries: 2048 (131072 bytes on 1 NUMA nodes, total 128 KiB, linear).
Jun 05 10:13:32 laptop kernel: pinctrl core: initialized pinctrl subsystem
Jun 05 10:13:32 laptop kernel: PM: RTC time: 17:13:31, date: 2026-06-05
Jun 05 10:13:32 laptop kernel: NET: Registered PF_NETLINK/PF_ROUTE protocol family
Jun 05 10:13:32 laptop kernel: DMA: preallocated 4096 KiB GFP_KERNEL pool for atomic allocations
Jun 05 10:13:32 laptop kernel: DMA: preallocated 4096 KiB GFP_KERNEL|GFP_DMA pool for atomic allocations
Jun 05 10:13:32 laptop kernel: DMA: preallocated 4096 KiB GFP_KERNEL|GFP_DMA32 pool for atomic allocations
Jun 05 10:13:32 laptop kernel: audit: initializing netlink subsys (disabled)
Jun 05 10:13:32 laptop kernel: audit: type=2000 audit(1780679611.007:1): state=initialized audit_enabled=0 res=1
Jun 05 10:13:32 laptop kernel: thermal_sys: Registered thermal governor 'fair_share'
Jun 05 10:13:32 laptop kernel: thermal_sys: Registered thermal governor 'bang_bang'
Jun 05 10:13:32 laptop kernel: thermal_sys: Registered thermal governor 'step_wise'
Jun 05 10:13:32 laptop kernel: thermal_sys: Registered thermal governor 'user_space'
Jun 05 10:13:32 laptop kernel: thermal_sys: Registered thermal governor 'power_allocator'
Jun 05 10:13:32 laptop kernel: cpuidle: using governor menu
Jun 05 10:13:32 laptop kernel: Simple Boot Flag at 0x47 set to 0x80
Jun 05 10:13:32 laptop kernel: efi: Freeing EFI boot services memory: 68496K
Jun 05 10:13:32 laptop kernel: acpiphp: ACPI Hot Plug PCI Controller Driver version: 0.5
Jun 05 10:13:32 laptop kernel: PCI: ECAM [mem 0xf0000000-0xf7ffffff] (base 0xf0000000) for domain 0000 [bus 00-7f]
Jun 05 10:13:32 laptop kernel: PCI: Using configuration type 1 for base access
Jun 05 10:13:32 laptop kernel: kprobes: kprobe jump-optimization is enabled. All kprobes are optimized if possible.
Jun 05 10:13:32 laptop kernel: HugeTLB: registered 1.00 GiB page size, pre-allocated 0 pages
Jun 05 10:13:32 laptop kernel: HugeTLB: 16380 KiB vmemmap can be freed for a 1.00 GiB page
Jun 05 10:13:32 laptop kernel: HugeTLB: registered 2.00 MiB page size, pre-allocated 0 pages
Jun 05 10:13:32 laptop kernel: HugeTLB: 28 KiB vmemmap can be freed for a 2.00 MiB page
Jun 05 10:13:32 laptop kernel: fbcon: Taking over console
Jun 05 10:13:32 laptop kernel: ACPI: Added _OSI(Module Device)
Jun 05 10:13:32 laptop kernel: ACPI: Added _OSI(Processor Device)
Jun 05 10:13:32 laptop kernel: ACPI: Added _OSI(Processor Aggregator Device)
Jun 05 10:13:32 laptop kernel: ACPI: 10 ACPI AML tables successfully acquired and loaded
Jun 05 10:13:32 laptop kernel: ACPI: [Firmware Bug]: BIOS _OSI(Linux) query ignored
Jun 05 10:13:32 laptop kernel: ACPI: Dynamic OEM Table Load:
Jun 05 10:13:32 laptop kernel: ACPI: SSDT 0xFFFF8BBFCAAD9000 000400 (v02 PmRef  Cpu0Cst  00003001 INTL 20160527)
Jun 05 10:13:32 laptop kernel: ACPI: Dynamic OEM Table Load:
Jun 05 10:13:32 laptop kernel: ACPI: SSDT 0xFFFF8BBFCAACF000 000560 (v02 PmRef  Cpu0Ist  00003000 INTL 20160527)
Jun 05 10:13:32 laptop kernel: ACPI: Dynamic OEM Table Load:
Jun 05 10:13:32 laptop kernel: ACPI: SSDT 0xFFFF8BBFC979E300 0000F4 (v02 PmRef  Cpu0Psd  00003000 INTL 20160527)
Jun 05 10:13:32 laptop kernel: ACPI: Dynamic OEM Table Load:
Jun 05 10:13:32 laptop kernel: ACPI: SSDT 0xFFFF8BBFC9725600 00011B (v02 PmRef  Cpu0Hwp  00003000 INTL 20160527)
Jun 05 10:13:32 laptop kernel: ACPI: Dynamic OEM Table Load:
Jun 05 10:13:32 laptop kernel: ACPI: SSDT 0xFFFF8BBFCAACD000 000724 (v02 PmRef  HwpLvt   00003000 INTL 20160527)
Jun 05 10:13:32 laptop kernel: ACPI: Dynamic OEM Table Load:
Jun 05 10:13:32 laptop kernel: ACPI: SSDT 0xFFFF8BBFCAACD800 0005FC (v02 PmRef  ApIst    00003000 INTL 20160527)
Jun 05 10:13:32 laptop kernel: ACPI: Dynamic OEM Table Load:
Jun 05 10:13:32 laptop kernel: ACPI: SSDT 0xFFFF8BBFCAAD9400 000317 (v02 PmRef  ApHwp    00003000 INTL 20160527)
Jun 05 10:13:32 laptop kernel: ACPI: Dynamic OEM Table Load:
Jun 05 10:13:32 laptop kernel: ACPI: SSDT 0xFFFF8BBFCAB0A000 000AB0 (v02 PmRef  ApPsd    00003000 INTL 20160527)
Jun 05 10:13:32 laptop kernel: ACPI: Dynamic OEM Table Load:
Jun 05 10:13:32 laptop kernel: ACPI: SSDT 0xFFFF8BBFCAAD8C00 00030A (v02 PmRef  ApCst    00003000 INTL 20160527)
Jun 05 10:13:32 laptop kernel: ACPI: EC: EC started
Jun 05 10:13:32 laptop kernel: ACPI: EC: interrupt blocked
Jun 05 10:13:32 laptop kernel: ACPI: EC: EC_CMD/EC_SC=0x934, EC_DATA=0x930
Jun 05 10:13:32 laptop kernel: ACPI: \_SB_.PCI0.LPCB.ECDV: Boot DSDT EC used to handle transactions
Jun 05 10:13:32 laptop kernel: ACPI: Interpreter enabled
Jun 05 10:13:32 laptop kernel: ACPI: PM: (supports S0 S3 S4 S5)
Jun 05 10:13:32 laptop kernel: ACPI: Using IOAPIC for interrupt routing
Jun 05 10:13:32 laptop kernel: PCI: Using host bridge windows from ACPI; if necessary, use "pci=nocrs" and report a bug
Jun 05 10:13:32 laptop kernel: PCI: Ignoring E820 reservations for host bridge windows
Jun 05 10:13:32 laptop kernel: ACPI: Enabled 10 GPEs in block 00 to 7F
Jun 05 10:13:32 laptop kernel: ACPI: \_SB_.PCI0.RP05.PXP_: New power resource
Jun 05 10:13:32 laptop kernel: ACPI: \_SB_.PCI0.XHC_.RHUB.HS10.BTPR: New power resource
Jun 05 10:13:32 laptop kernel: ACPI: \_SB_.PCI0.XDCI.USBC: New power resource
Jun 05 10:13:32 laptop kernel: ACPI: \_SB_.PCI0.PAUD: New power resource
Jun 05 10:13:32 laptop kernel: ACPI: \_SB_.PCI0.SAT0.VOL0.V0PR: New power resource
Jun 05 10:13:32 laptop kernel: ACPI: \_SB_.PCI0.SAT0.VOL1.V1PR: New power resource
Jun 05 10:13:32 laptop kernel: ACPI: \_SB_.PCI0.SAT0.VOL2.V2PR: New power resource
Jun 05 10:13:32 laptop kernel: ACPI: \_SB_.PCI0.CNVW.WRST: New power resource
Jun 05 10:13:32 laptop kernel: ACPI: \PIN_: New power resource
Jun 05 10:13:32 laptop kernel: ACPI: PCI Root Bridge [PCI0] (domain 0000 [bus 00-7e])
Jun 05 10:13:32 laptop kernel: acpi PNP0A08:00: _OSC: OS supports [ExtendedConfig ASPM ClockPM Segments MSI HPX-Type3]
Jun 05 10:13:32 laptop kernel: acpi PNP0A08:00: _OSC: platform does not support [AER]
Jun 05 10:13:32 laptop kernel: acpi PNP0A08:00: _OSC: OS now controls [PCIeHotplug PME PCIeCapability LTR]
Jun 05 10:13:32 laptop kernel: PCI host bridge to bus 0000:00
Jun 05 10:13:32 laptop kernel: pci_bus 0000:00: root bus resource [io  0x0000-0x0cf7 window]
Jun 05 10:13:32 laptop kernel: pci_bus 0000:00: root bus resource [io  0x0d00-0xffff window]
Jun 05 10:13:32 laptop kernel: pci_bus 0000:00: root bus resource [mem 0x000a0000-0x000dffff window]
Jun 05 10:13:32 laptop kernel: pci_bus 0000:00: root bus resource [mem 0x7f800000-0xefffffff window]
Jun 05 10:13:32 laptop kernel: pci_bus 0000:00: root bus resource [mem 0xfc800000-0xfe7fffff window]
Jun 05 10:13:32 laptop kernel: pci_bus 0000:00: root bus resource [bus 00-7e]
Jun 05 10:13:32 laptop kernel: pci 0000:00:00.0: [8086:3e34] type 00 class 0x060000 conventional PCI endpoint
Jun 05 10:13:32 laptop kernel: pci 0000:00:02.0: [8086:3ea0] type 00 class 0x030000 PCIe Root Complex Integrated Endpoint
Jun 05 10:13:32 laptop kernel: pci 0000:00:02.0: BAR 0 [mem 0xcb000000-0xcbffffff 64bit]
Jun 05 10:13:32 laptop kernel: pci 0000:00:02.0: BAR 2 [mem 0x80000000-0x8fffffff 64bit pref]
Jun 05 10:13:32 laptop kernel: pci 0000:00:02.0: BAR 4 [io  0x3000-0x303f]
Jun 05 10:13:32 laptop kernel: pci 0000:00:02.0: Video device with shadowed ROM at [mem 0x000c0000-0x000dffff]
Jun 05 10:13:32 laptop kernel: pci 0000:00:04.0: [8086:1903] type 00 class 0x118000 conventional PCI endpoint
Jun 05 10:13:32 laptop kernel: pci 0000:00:04.0: BAR 0 [mem 0xcc310000-0xcc317fff 64bit]
Jun 05 10:13:32 laptop kernel: pci 0000:00:08.0: [8086:1911] type 00 class 0x088000 conventional PCI endpoint
Jun 05 10:13:32 laptop kernel: pci 0000:00:08.0: BAR 0 [mem 0xcc32b000-0xcc32bfff 64bit]
Jun 05 10:13:32 laptop kernel: pci 0000:00:12.0: [8086:9df9] type 00 class 0x118000 conventional PCI endpoint
Jun 05 10:13:32 laptop kernel: pci 0000:00:12.0: BAR 0 [mem 0xcc32a000-0xcc32afff 64bit]
Jun 05 10:13:32 laptop kernel: pci 0000:00:14.0: [8086:9ded] type 00 class 0x0c0330 conventional PCI endpoint
Jun 05 10:13:32 laptop kernel: pci 0000:00:14.0: BAR 0 [mem 0xcc300000-0xcc30ffff 64bit]
Jun 05 10:13:32 laptop kernel: pci 0000:00:14.0: PME# supported from D3hot D3cold
Jun 05 10:13:32 laptop kernel: pci 0000:00:14.2: [8086:9def] type 00 class 0x050000 conventional PCI endpoint
Jun 05 10:13:32 laptop kernel: pci 0000:00:14.2: BAR 0 [mem 0xcc320000-0xcc321fff 64bit]
Jun 05 10:13:32 laptop kernel: pci 0000:00:14.2: BAR 2 [mem 0xcc329000-0xcc329fff 64bit]
Jun 05 10:13:32 laptop kernel: pci 0000:00:14.3: [8086:9df0] type 00 class 0x028000 PCIe Root Complex Integrated Endpoint
Jun 05 10:13:32 laptop kernel: pci 0000:00:14.3: BAR 0 [mem 0xcc31c000-0xcc31ffff 64bit]
Jun 05 10:13:32 laptop kernel: pci 0000:00:14.3: PME# supported from D0 D3hot D3cold
Jun 05 10:13:32 laptop kernel: pci 0000:00:15.0: [8086:9de8] type 00 class 0x0c8000 conventional PCI endpoint
Jun 05 10:13:32 laptop kernel: pci 0000:00:15.0: BAR 0 [mem 0x00000000-0x00000fff 64bit]
Jun 05 10:13:32 laptop kernel: pci 0000:00:15.1: [8086:9de9] type 00 class 0x0c8000 conventional PCI endpoint
Jun 05 10:13:32 laptop kernel: pci 0000:00:15.1: BAR 0 [mem 0x00000000-0x00000fff 64bit]
Jun 05 10:13:32 laptop kernel: pci 0000:00:15.3: [8086:9deb] type 00 class 0x0c8000 conventional PCI endpoint
Jun 05 10:13:32 laptop kernel: pci 0000:00:15.3: BAR 0 [mem 0x00000000-0x00000fff 64bit]
Jun 05 10:13:32 laptop kernel: pci 0000:00:16.0: [8086:9de0] type 00 class 0x078000 conventional PCI endpoint
Jun 05 10:13:32 laptop kernel: pci 0000:00:16.0: BAR 0 [mem 0xcc325000-0xcc325fff 64bit]
Jun 05 10:13:32 laptop kernel: pci 0000:00:16.0: PME# supported from D3hot
Jun 05 10:13:32 laptop kernel: pci 0000:00:16.3: [8086:9de3] type 00 class 0x070002 conventional PCI endpoint
Jun 05 10:13:32 laptop kernel: pci 0000:00:16.3: BAR 0 [io  0x3060-0x3067]
Jun 05 10:13:32 laptop kernel: pci 0000:00:16.3: BAR 1 [mem 0xcc324000-0xcc324fff]
Jun 05 10:13:32 laptop kernel: pci 0000:00:19.0: [8086:9dc5] type 00 class 0x0c8000 conventional PCI endpoint
Jun 05 10:13:32 laptop kernel: pci 0000:00:19.0: BAR 0 [mem 0x00000000-0x00000fff 64bit]
Jun 05 10:13:32 laptop kernel: pci 0000:00:1c.0: [8086:9dbc] type 01 class 0x060400 PCIe Root Port
Jun 05 10:13:32 laptop kernel: pci 0000:00:1c.0: PCI bridge to [bus 01-39]
Jun 05 10:13:32 laptop kernel: pci 0000:00:1c.0:   bridge window [mem 0xb4000000-0xca0fffff]
Jun 05 10:13:32 laptop kernel: pci 0000:00:1c.0:   bridge window [mem 0x90000000-0xb1ffffff 64bit pref]
Jun 05 10:13:32 laptop kernel: pci 0000:00:1c.0: PME# supported from D0 D3hot D3cold
Jun 05 10:13:32 laptop kernel: pci 0000:00:1d.0: [8086:9db3] type 01 class 0x060400 PCIe Root Port
Jun 05 10:13:32 laptop kernel: pci 0000:00:1d.0: PCI bridge to [bus 3a]
Jun 05 10:13:32 laptop kernel: pci 0000:00:1d.0:   bridge window [mem 0xcc200000-0xcc2fffff]
Jun 05 10:13:32 laptop kernel: pci 0000:00:1d.0: PME# supported from D0 D3hot D3cold
Jun 05 10:13:32 laptop kernel: pci 0000:00:1d.4: [8086:9db4] type 01 class 0x060400 PCIe Root Port
Jun 05 10:13:32 laptop kernel: pci 0000:00:1d.4: PCI bridge to [bus 3b]
Jun 05 10:13:32 laptop kernel: pci 0000:00:1d.4:   bridge window [mem 0xcc100000-0xcc1fffff]
Jun 05 10:13:32 laptop kernel: pci 0000:00:1d.4: PME# supported from D0 D3hot D3cold
Jun 05 10:13:32 laptop kernel: pci 0000:00:1f.0: [8086:9d84] type 00 class 0x060100 conventional PCI endpoint
Jun 05 10:13:32 laptop kernel: pci 0000:00:1f.3: [8086:9dc8] type 00 class 0x040380 conventional PCI endpoint
Jun 05 10:13:32 laptop kernel: pci 0000:00:1f.3: BAR 0 [mem 0xcc318000-0xcc31bfff 64bit]
Jun 05 10:13:32 laptop kernel: pci 0000:00:1f.3: BAR 4 [mem 0xcc000000-0xcc0fffff 64bit]
Jun 05 10:13:32 laptop kernel: pci 0000:00:1f.3: PME# supported from D3hot D3cold
Jun 05 10:13:32 laptop kernel: pci 0000:00:1f.4: [8086:9da3] type 00 class 0x0c0500 conventional PCI endpoint
Jun 05 10:13:32 laptop kernel: pci 0000:00:1f.4: BAR 0 [mem 0xcc322000-0xcc3220ff 64bit]
Jun 05 10:13:32 laptop kernel: pci 0000:00:1f.4: BAR 4 [io  0xefa0-0xefbf]
Jun 05 10:13:32 laptop kernel: pci 0000:00:1f.5: [8086:9da4] type 00 class 0x0c8000 conventional PCI endpoint
Jun 05 10:13:32 laptop kernel: pci 0000:00:1f.5: BAR 0 [mem 0xfe010000-0xfe010fff]
Jun 05 10:13:32 laptop kernel: pci 0000:01:00.0: [8086:15da] type 01 class 0x060400 PCIe Switch Upstream Port
Jun 05 10:13:32 laptop kernel: pci 0000:01:00.0: PCI bridge to [bus 02-39]
Jun 05 10:13:32 laptop kernel: pci 0000:01:00.0:   bridge window [mem 0xb4000000-0xca0fffff]
Jun 05 10:13:32 laptop kernel: pci 0000:01:00.0:   bridge window [mem 0x90000000-0xb1ffffff 64bit pref]
Jun 05 10:13:32 laptop kernel: pci 0000:01:00.0: enabling Extended Tags
Jun 05 10:13:32 laptop kernel: pci 0000:01:00.0: supports D1 D2
Jun 05 10:13:32 laptop kernel: pci 0000:01:00.0: PME# supported from D0 D1 D2 D3hot D3cold
Jun 05 10:13:32 laptop kernel: pci 0000:00:1c.0: PCI bridge to [bus 01-39]
Jun 05 10:13:32 laptop kernel: pci 0000:02:00.0: [8086:15da] type 01 class 0x060400 PCIe Switch Downstream Port
Jun 05 10:13:32 laptop kernel: pci 0000:02:00.0: PCI bridge to [bus 03]
Jun 05 10:13:32 laptop kernel: pci 0000:02:00.0:   bridge window [mem 0xca000000-0xca0fffff]
Jun 05 10:13:32 laptop kernel: pci 0000:02:00.0: enabling Extended Tags
Jun 05 10:13:32 laptop kernel: pci 0000:02:00.0: supports D1 D2
Jun 05 10:13:32 laptop kernel: pci 0000:02:00.0: PME# supported from D0 D1 D2 D3hot D3cold
Jun 05 10:13:32 laptop kernel: pci 0000:02:01.0: [8086:15da] type 01 class 0x060400 PCIe Switch Downstream Port
Jun 05 10:13:32 laptop kernel: pci 0000:02:01.0: PCI bridge to [bus 04-38]
Jun 05 10:13:32 laptop kernel: pci 0000:02:01.0:   bridge window [mem 0xb4000000-0xc9efffff]
Jun 05 10:13:32 laptop kernel: pci 0000:02:01.0:   bridge window [mem 0x90000000-0xb1ffffff 64bit pref]
Jun 05 10:13:32 laptop kernel: pci 0000:02:01.0: enabling Extended Tags
Jun 05 10:13:32 laptop kernel: pci 0000:02:01.0: supports D1 D2
Jun 05 10:13:32 laptop kernel: pci 0000:02:01.0: PME# supported from D0 D1 D2 D3hot D3cold
Jun 05 10:13:32 laptop kernel: pci 0000:02:02.0: [8086:15da] type 01 class 0x060400 PCIe Switch Downstream Port
Jun 05 10:13:32 laptop kernel: pci 0000:02:02.0: PCI bridge to [bus 39]
Jun 05 10:13:32 laptop kernel: pci 0000:02:02.0:   bridge window [mem 0xc9f00000-0xc9ffffff]
Jun 05 10:13:32 laptop kernel: pci 0000:02:02.0: enabling Extended Tags
Jun 05 10:13:32 laptop kernel: pci 0000:02:02.0: supports D1 D2
Jun 05 10:13:32 laptop kernel: pci 0000:02:02.0: PME# supported from D0 D1 D2 D3hot D3cold
Jun 05 10:13:32 laptop kernel: pci 0000:01:00.0: PCI bridge to [bus 02-39]
Jun 05 10:13:32 laptop kernel: pci 0000:03:00.0: [8086:15d9] type 00 class 0x088000 PCIe Endpoint
Jun 05 10:13:32 laptop kernel: pci 0000:03:00.0: BAR 0 [mem 0xca000000-0xca03ffff]
Jun 05 10:13:32 laptop kernel: pci 0000:03:00.0: BAR 1 [mem 0xca040000-0xca040fff]
Jun 05 10:13:32 laptop kernel: pci 0000:03:00.0: enabling Extended Tags
Jun 05 10:13:32 laptop kernel: pci 0000:03:00.0: supports D1 D2
Jun 05 10:13:32 laptop kernel: pci 0000:03:00.0: PME# supported from D0 D1 D2 D3hot D3cold
Jun 05 10:13:32 laptop kernel: pci 0000:02:00.0: PCI bridge to [bus 03]
Jun 05 10:13:32 laptop kernel: pci 0000:02:01.0: PCI bridge to [bus 04-38]
Jun 05 10:13:32 laptop kernel: pci 0000:39:00.0: [8086:15db] type 00 class 0x0c0330 PCIe Endpoint
Jun 05 10:13:32 laptop kernel: pci 0000:39:00.0: BAR 0 [mem 0xc9f00000-0xc9f0ffff]
Jun 05 10:13:32 laptop kernel: pci 0000:39:00.0: enabling Extended Tags
Jun 05 10:13:32 laptop kernel: pci 0000:39:00.0: supports D1 D2
Jun 05 10:13:32 laptop kernel: pci 0000:39:00.0: PME# supported from D0 D1 D2 D3hot D3cold
Jun 05 10:13:32 laptop kernel: pci 0000:02:02.0: PCI bridge to [bus 39]
Jun 05 10:13:32 laptop kernel: pci 0000:3a:00.0: [10ec:525a] type 00 class 0xff0000 PCIe Endpoint
Jun 05 10:13:32 laptop kernel: pci 0000:3a:00.0: BAR 1 [mem 0xcc200000-0xcc200fff]
Jun 05 10:13:32 laptop kernel: pci 0000:3a:00.0: supports D1 D2
Jun 05 10:13:32 laptop kernel: pci 0000:3a:00.0: PME# supported from D1 D2 D3hot D3cold
Jun 05 10:13:32 laptop kernel: pci 0000:00:1d.0: PCI bridge to [bus 3a]
Jun 05 10:13:32 laptop kernel: pci 0000:3b:00.0: [1179:011a] type 00 class 0x010802 PCIe Endpoint
Jun 05 10:13:32 laptop kernel: pci 0000:3b:00.0: BAR 0 [mem 0xcc100000-0xcc103fff 64bit]
Jun 05 10:13:32 laptop kernel: pci 0000:00:1d.4: PCI bridge to [bus 3b]
Jun 05 10:13:32 laptop kernel: ACPI: PCI: Interrupt link LNKA configured for IRQ 0
Jun 05 10:13:32 laptop kernel: ACPI: PCI: Interrupt link LNKB configured for IRQ 1
Jun 05 10:13:32 laptop kernel: ACPI: PCI: Interrupt link LNKC configured for IRQ 0
Jun 05 10:13:32 laptop kernel: ACPI: PCI: Interrupt link LNKD configured for IRQ 0
Jun 05 10:13:32 laptop kernel: ACPI: PCI: Interrupt link LNKE configured for IRQ 0
Jun 05 10:13:32 laptop kernel: ACPI: PCI: Interrupt link LNKF configured for IRQ 0
Jun 05 10:13:32 laptop kernel: ACPI: PCI: Interrupt link LNKG configured for IRQ 0
Jun 05 10:13:32 laptop kernel: ACPI: PCI: Interrupt link LNKH configured for IRQ 0
Jun 05 10:13:32 laptop kernel: Low-power S0 idle used by default for system suspend
Jun 05 10:13:32 laptop kernel: ACPI: EC: interrupt unblocked
Jun 05 10:13:32 laptop kernel: ACPI: EC: event unblocked
Jun 05 10:13:32 laptop kernel: ACPI: EC: EC_CMD/EC_SC=0x934, EC_DATA=0x930
Jun 05 10:13:32 laptop kernel: ACPI: EC: GPE=0x6e
Jun 05 10:13:32 laptop kernel: ACPI: \_SB_.PCI0.LPCB.ECDV: Boot DSDT EC initialization complete
Jun 05 10:13:32 laptop kernel: ACPI: \_SB_.PCI0.LPCB.ECDV: EC: Used to handle transactions and events
Jun 05 10:13:32 laptop kernel: iommu: Default domain type: Translated
Jun 05 10:13:32 laptop kernel: iommu: DMA domain TLB invalidation policy: lazy mode
Jun 05 10:13:32 laptop kernel: ACPI: bus type USB registered
Jun 05 10:13:32 laptop kernel: usbcore: registered new interface driver usbfs
Jun 05 10:13:32 laptop kernel: usbcore: registered new interface driver hub
Jun 05 10:13:32 laptop kernel: usbcore: registered new device driver usb
Jun 05 10:13:32 laptop kernel: efivars: Registered efivars operations
Jun 05 10:13:32 laptop kernel: NetLabel: Initializing
Jun 05 10:13:32 laptop kernel: NetLabel:  domain hash size = 128
Jun 05 10:13:32 laptop kernel: NetLabel:  protocols = UNLABELED CIPSOv4 CALIPSO
Jun 05 10:13:32 laptop kernel: NetLabel:  unlabeled traffic allowed by default
Jun 05 10:13:32 laptop kernel: PCI: Using ACPI for IRQ routing
Jun 05 10:13:32 laptop kernel: PCI: pci_cache_line_size set to 64 bytes
Jun 05 10:13:32 laptop kernel: e820: reserve RAM buffer [mem 0x0009e000-0x0009ffff]
Jun 05 10:13:32 laptop kernel: e820: reserve RAM buffer [mem 0x704eb000-0x73ffffff]
Jun 05 10:13:32 laptop kernel: e820: reserve RAM buffer [mem 0x733b4000-0x73ffffff]
Jun 05 10:13:32 laptop kernel: e820: reserve RAM buffer [mem 0x78298000-0x7bffffff]
Jun 05 10:13:32 laptop kernel: e820: reserve RAM buffer [mem 0x7ad00000-0x7bffffff]
Jun 05 10:13:32 laptop kernel: e820: reserve RAM buffer [mem 0x107c800000-0x107fffffff]
Jun 05 10:13:32 laptop kernel: pci 0000:00:02.0: vgaarb: setting as boot VGA device
Jun 05 10:13:32 laptop kernel: pci 0000:00:02.0: vgaarb: bridge control possible
Jun 05 10:13:32 laptop kernel: pci 0000:00:02.0: vgaarb: VGA device added: decodes=io+mem,owns=io+mem,locks=none
Jun 05 10:13:32 laptop kernel: vgaarb: loaded
Jun 05 10:13:32 laptop kernel: clocksource: Switched to clocksource tsc-early
Jun 05 10:13:32 laptop kernel: VFS: Disk quotas dquot_6.6.0
Jun 05 10:13:32 laptop kernel: VFS: Dquot-cache hash table entries: 512 (order 0, 4096 bytes)
Jun 05 10:13:32 laptop kernel: pnp: PnP ACPI init
Jun 05 10:13:32 laptop kernel: system 00:00: [mem 0x40000000-0x403fffff] has been reserved
Jun 05 10:13:32 laptop kernel: system 00:01: [io  0x0680-0x069f] has been reserved
Jun 05 10:13:32 laptop kernel: system 00:01: [io  0x164e-0x164f] has been reserved
Jun 05 10:13:32 laptop kernel: system 00:05: [mem 0xfed10000-0xfed17fff] has been reserved
Jun 05 10:13:32 laptop kernel: system 00:05: [mem 0xfed18000-0xfed18fff] has been reserved
Jun 05 10:13:32 laptop kernel: system 00:05: [mem 0xfed19000-0xfed19fff] has been reserved
Jun 05 10:13:32 laptop kernel: system 00:05: [mem 0xf0000000-0xf7ffffff] has been reserved
Jun 05 10:13:32 laptop kernel: system 00:05: [mem 0xfed20000-0xfed3ffff] has been reserved
Jun 05 10:13:32 laptop kernel: system 00:05: [mem 0xfed90000-0xfed93fff] could not be reserved
Jun 05 10:13:32 laptop kernel: system 00:05: [mem 0xfed45000-0xfed8ffff] has been reserved
Jun 05 10:13:32 laptop kernel: system 00:05: [mem 0xfee00000-0xfeefffff] could not be reserved
Jun 05 10:13:32 laptop kernel: system 00:06: [io  0x1800-0x18fe] could not be reserved
Jun 05 10:13:32 laptop kernel: system 00:06: [mem 0xfd000000-0xfd69ffff] has been reserved
Jun 05 10:13:32 laptop kernel: system 00:06: [mem 0xfd6b0000-0xfd6cffff] has been reserved
Jun 05 10:13:32 laptop kernel: system 00:06: [mem 0xfd6f0000-0xfdffffff] has been reserved
Jun 05 10:13:32 laptop kernel: system 00:06: [mem 0xfe000000-0xfe01ffff] could not be reserved
Jun 05 10:13:32 laptop kernel: system 00:06: [mem 0xfe200000-0xfe7fffff] has been reserved
Jun 05 10:13:32 laptop kernel: system 00:06: [mem 0xff000000-0xffffffff] has been reserved
Jun 05 10:13:32 laptop kernel: system 00:07: [io  0x2000-0x20fe] has been reserved
Jun 05 10:13:32 laptop kernel: pnp: PnP ACPI: found 9 devices
Jun 05 10:13:32 laptop kernel: clocksource: acpi_pm: mask: 0xffffff max_cycles: 0xffffff, max_idle_ns: 2085701024 ns
Jun 05 10:13:32 laptop kernel: NET: Registered PF_INET protocol family
Jun 05 10:13:32 laptop kernel: IP idents hash table entries: 262144 (order: 9, 2097152 bytes, linear)
Jun 05 10:13:32 laptop kernel: tcp_listen_portaddr_hash hash table entries: 32768 (order: 7, 524288 bytes, linear)
Jun 05 10:13:32 laptop kernel: Table-perturb hash table entries: 65536 (order: 6, 262144 bytes, linear)
Jun 05 10:13:32 laptop kernel: TCP established hash table entries: 524288 (order: 10, 4194304 bytes, linear)
Jun 05 10:13:32 laptop kernel: TCP bind hash table entries: 65536 (order: 9, 2097152 bytes, linear)
Jun 05 10:13:32 laptop kernel: TCP: Hash tables configured (established 524288 bind 65536)
Jun 05 10:13:32 laptop kernel: MPTCP token hash table entries: 65536 (order: 9, 1572864 bytes, linear)
Jun 05 10:13:32 laptop kernel: UDP hash table entries: 32768 (order: 9, 2097152 bytes, linear)
Jun 05 10:13:32 laptop kernel: UDP-Lite hash table entries: 32768 (order: 9, 2097152 bytes, linear)
Jun 05 10:13:32 laptop kernel: NET: Registered PF_UNIX/PF_LOCAL protocol family
Jun 05 10:13:32 laptop kernel: NET: Registered PF_XDP protocol family
Jun 05 10:13:32 laptop kernel: pci 0000:02:01.0: bridge window [io  0x1000-0x0fff] to [bus 04-38] add_size 1000
Jun 05 10:13:32 laptop kernel: pci 0000:01:00.0: bridge window [io  0x1000-0x0fff] to [bus 02-39] add_size 1000
Jun 05 10:13:32 laptop kernel: pci 0000:00:1c.0: bridge window [io  0x1000-0x0fff] to [bus 01-39] add_size 2000
Jun 05 10:13:32 laptop kernel: pci 0000:00:15.0: BAR 0 [mem 0x7f800000-0x7f800fff 64bit]: assigned
Jun 05 10:13:32 laptop kernel: pci 0000:00:15.1: BAR 0 [mem 0x7f801000-0x7f801fff 64bit]: assigned
Jun 05 10:13:32 laptop kernel: pci 0000:00:15.3: BAR 0 [mem 0x7f802000-0x7f802fff 64bit]: assigned
Jun 05 10:13:32 laptop kernel: pci 0000:00:19.0: BAR 0 [mem 0x7f803000-0x7f803fff 64bit]: assigned
Jun 05 10:13:32 laptop kernel: pci 0000:00:1c.0: bridge window [io  0x4000-0x5fff]: assigned
Jun 05 10:13:32 laptop kernel: pci 0000:01:00.0: bridge window [io  0x4000-0x4fff]: assigned
Jun 05 10:13:32 laptop kernel: pci 0000:02:01.0: bridge window [io  0x4000-0x4fff]: assigned
Jun 05 10:13:32 laptop kernel: pci 0000:02:00.0: PCI bridge to [bus 03]
Jun 05 10:13:32 laptop kernel: pci 0000:02:00.0:   bridge window [mem 0xca000000-0xca0fffff]
Jun 05 10:13:32 laptop kernel: pci 0000:02:01.0: PCI bridge to [bus 04-38]
Jun 05 10:13:32 laptop kernel: pci 0000:02:01.0:   bridge window [io  0x4000-0x4fff]
Jun 05 10:13:32 laptop kernel: pci 0000:02:01.0:   bridge window [mem 0xb4000000-0xc9efffff]
Jun 05 10:13:32 laptop kernel: pci 0000:02:01.0:   bridge window [mem 0x90000000-0xb1ffffff 64bit pref]
Jun 05 10:13:32 laptop kernel: pci 0000:02:02.0: PCI bridge to [bus 39]
Jun 05 10:13:32 laptop kernel: pci 0000:02:02.0:   bridge window [mem 0xc9f00000-0xc9ffffff]
Jun 05 10:13:32 laptop kernel: pci 0000:01:00.0: PCI bridge to [bus 02-39]
Jun 05 10:13:32 laptop kernel: pci 0000:01:00.0:   bridge window [io  0x4000-0x4fff]
Jun 05 10:13:32 laptop kernel: pci 0000:01:00.0:   bridge window [mem 0xb4000000-0xca0fffff]
Jun 05 10:13:32 laptop kernel: pci 0000:01:00.0:   bridge window [mem 0x90000000-0xb1ffffff 64bit pref]
Jun 05 10:13:32 laptop kernel: pci 0000:00:1c.0: PCI bridge to [bus 01-39]
Jun 05 10:13:32 laptop kernel: pci 0000:00:1c.0:   bridge window [io  0x4000-0x5fff]
Jun 05 10:13:32 laptop kernel: pci 0000:00:1c.0:   bridge window [mem 0xb4000000-0xca0fffff]
Jun 05 10:13:32 laptop kernel: pci 0000:00:1c.0:   bridge window [mem 0x90000000-0xb1ffffff 64bit pref]
Jun 05 10:13:32 laptop kernel: pci 0000:00:1d.0: PCI bridge to [bus 3a]
Jun 05 10:13:32 laptop kernel: pci 0000:00:1d.0:   bridge window [mem 0xcc200000-0xcc2fffff]
Jun 05 10:13:32 laptop kernel: pci 0000:00:1d.4: PCI bridge to [bus 3b]
Jun 05 10:13:32 laptop kernel: pci 0000:00:1d.4:   bridge window [mem 0xcc100000-0xcc1fffff]
Jun 05 10:13:32 laptop kernel: pci_bus 0000:00: resource 4 [io  0x0000-0x0cf7 window]
Jun 05 10:13:32 laptop kernel: pci_bus 0000:00: resource 5 [io  0x0d00-0xffff window]
Jun 05 10:13:32 laptop kernel: pci_bus 0000:00: resource 6 [mem 0x000a0000-0x000dffff window]
Jun 05 10:13:32 laptop kernel: pci_bus 0000:00: resource 7 [mem 0x7f800000-0xefffffff window]
Jun 05 10:13:32 laptop kernel: pci_bus 0000:00: resource 8 [mem 0xfc800000-0xfe7fffff window]
Jun 05 10:13:32 laptop kernel: pci_bus 0000:01: resource 0 [io  0x4000-0x5fff]
Jun 05 10:13:32 laptop kernel: pci_bus 0000:01: resource 1 [mem 0xb4000000-0xca0fffff]
Jun 05 10:13:32 laptop kernel: pci_bus 0000:01: resource 2 [mem 0x90000000-0xb1ffffff 64bit pref]
Jun 05 10:13:32 laptop kernel: pci_bus 0000:02: resource 0 [io  0x4000-0x4fff]
Jun 05 10:13:32 laptop kernel: pci_bus 0000:02: resource 1 [mem 0xb4000000-0xca0fffff]
Jun 05 10:13:32 laptop kernel: pci_bus 0000:02: resource 2 [mem 0x90000000-0xb1ffffff 64bit pref]
Jun 05 10:13:32 laptop kernel: pci_bus 0000:03: resource 1 [mem 0xca000000-0xca0fffff]
Jun 05 10:13:32 laptop kernel: pci_bus 0000:04: resource 0 [io  0x4000-0x4fff]
Jun 05 10:13:32 laptop kernel: pci_bus 0000:04: resource 1 [mem 0xb4000000-0xc9efffff]
Jun 05 10:13:32 laptop kernel: pci_bus 0000:04: resource 2 [mem 0x90000000-0xb1ffffff 64bit pref]
Jun 05 10:13:32 laptop kernel: pci_bus 0000:39: resource 1 [mem 0xc9f00000-0xc9ffffff]
Jun 05 10:13:32 laptop kernel: pci_bus 0000:3a: resource 1 [mem 0xcc200000-0xcc2fffff]
Jun 05 10:13:32 laptop kernel: pci_bus 0000:3b: resource 1 [mem 0xcc100000-0xcc1fffff]
Jun 05 10:13:32 laptop kernel: pci 0000:01:00.0: CLS mismatch (64 != 128), using 64 bytes
Jun 05 10:13:32 laptop kernel: pci 0000:01:00.0: enabling device (0006 -> 0007)
Jun 05 10:13:32 laptop kernel: PCI-DMA: Using software bounce buffering for IO (SWIOTLB)
Jun 05 10:13:32 laptop kernel: software IO TLB: mapped [mem 0x000000007357a000-0x000000007757a000] (64MB)
Jun 05 10:13:32 laptop kernel: Trying to unpack rootfs image as initramfs...
Jun 05 10:13:32 laptop kernel: Initialise system trusted keyrings
Jun 05 10:13:32 laptop kernel: workingset: timestamp_bits=40 max_order=24 bucket_order=0
Jun 05 10:13:32 laptop kernel: Key type asymmetric registered
Jun 05 10:13:32 laptop kernel: Asymmetric key parser 'x509' registered
Jun 05 10:13:32 laptop kernel: Block layer SCSI generic (bsg) driver version 0.4 loaded (major 248)
Jun 05 10:13:32 laptop kernel: io scheduler mq-deadline registered
Jun 05 10:13:32 laptop kernel: io scheduler kyber registered
Jun 05 10:13:32 laptop kernel: pcieport 0000:00:1c.0: PME: Signaling with IRQ 120
Jun 05 10:13:32 laptop kernel: pcieport 0000:00:1c.0: pciehp: Slot #8 AttnBtn- PwrCtrl- MRL- AttnInd- PwrInd- HotPlug+ Surprise+ Interlock- NoCompl+ IbPresDis- LLActRep+
Jun 05 10:13:32 laptop kernel: pcieport 0000:00:1d.0: PME: Signaling with IRQ 121
Jun 05 10:13:32 laptop kernel: pcieport 0000:00:1d.4: PME: Signaling with IRQ 122
Jun 05 10:13:32 laptop kernel: pcieport 0000:02:01.0: enabling device (0006 -> 0007)
Jun 05 10:13:32 laptop kernel: pcieport 0000:02:01.0: pciehp: Slot #1 AttnBtn- PwrCtrl- MRL- AttnInd- PwrInd- HotPlug+ Surprise+ Interlock- NoCompl+ IbPresDis- LLActRep+
Jun 05 10:13:32 laptop kernel: Serial: 8250/16550 driver, 4 ports, IRQ sharing enabled
Jun 05 10:13:32 laptop kernel: hpet_acpi_add: no address or irqs in _CRS
Jun 05 10:13:32 laptop kernel: Linux agpgart interface v0.103
Jun 05 10:13:32 laptop kernel: tpm_tis MSFT0101:00: 2.0 TPM (device-id 0x0, rev-id 78)
Jun 05 10:13:32 laptop kernel: ACPI: bus type drm_connector registered
Jun 05 10:13:32 laptop kernel: usbcore: registered new interface driver usbserial_generic
Jun 05 10:13:32 laptop kernel: usbserial: USB Serial support registered for generic
Jun 05 10:13:32 laptop kernel: intel_pstate: Intel P-state driver initializing
Jun 05 10:13:32 laptop kernel: intel_pstate: HWP enabled
Jun 05 10:13:32 laptop kernel: simple-framebuffer simple-framebuffer.0: [drm] Registered 1 planes with drm panic
Jun 05 10:13:32 laptop kernel: [drm] Initialized simpledrm 1.0.0 for simple-framebuffer.0 on minor 0
Jun 05 10:13:32 laptop kernel: Console: switching to colour frame buffer device 240x67
Jun 05 10:13:32 laptop kernel: simple-framebuffer simple-framebuffer.0: [drm] fb0: simpledrmdrmfb frame buffer device
Jun 05 10:13:32 laptop kernel: pstore: Using crash dump compression: deflate
Jun 05 10:13:32 laptop kernel: pstore: Registered efi_pstore as persistent store backend
Jun 05 10:13:32 laptop kernel: drop_monitor: Initializing network drop monitor service
Jun 05 10:13:32 laptop kernel: NET: Registered PF_INET6 protocol family
Jun 05 10:13:32 laptop kernel: Segment Routing with IPv6
Jun 05 10:13:32 laptop kernel: In-situ OAM (IOAM) with IPv6
Jun 05 10:13:32 laptop kernel: ENERGY_PERF_BIAS: Set to 'normal', was 'performance'
Jun 05 10:13:32 laptop kernel: microcode: Current revision: 0x00000100
Jun 05 10:13:32 laptop kernel: IPI shorthand broadcast: enabled
Jun 05 10:13:32 laptop kernel: sched_clock: Marking stable (638001228, 7202079)->(687998720, -42795413)
Jun 05 10:13:32 laptop kernel: registered taskstats version 1
Jun 05 10:13:32 laptop kernel: Loading compiled-in X.509 certificates
Jun 05 10:13:32 laptop kernel: Demotion targets for Node 0: null
Jun 05 10:13:32 laptop kernel: Key type .fscrypt registered
Jun 05 10:13:32 laptop kernel: Key type fscrypt-provisioning registered
Jun 05 10:13:32 laptop kernel: ima: Allocated hash algorithm: sha1
Jun 05 10:13:32 laptop kernel: ima: No architecture policies found
Jun 05 10:13:32 laptop kernel: PM:   Magic number: 14:346:238
Jun 05 10:13:32 laptop kernel: acpi device:81: hash matches
Jun 05 10:13:32 laptop kernel: RAS: Correctable Errors collector initialized.
Jun 05 10:13:32 laptop kernel: clk: Disabling unused clocks
Jun 05 10:13:32 laptop kernel: PM: genpd: Disabling unused power domains
Jun 05 10:13:32 laptop kernel: Freeing initrd memory: 41768K
Jun 05 10:13:32 laptop kernel: Freeing unused decrypted memory: 2028K
Jun 05 10:13:32 laptop kernel: Freeing unused kernel image (initmem) memory: 3644K
Jun 05 10:13:32 laptop kernel: Write protecting the kernel read-only data: 32768k
Jun 05 10:13:32 laptop kernel: Freeing unused kernel image (text/rodata gap) memory: 1336K
Jun 05 10:13:32 laptop kernel: Freeing unused kernel image (rodata/data gap) memory: 824K
Jun 05 10:13:32 laptop kernel: x86/mm: Checked W+X mappings: passed, no W+X pages found.
Jun 05 10:13:32 laptop kernel: Run /init as init process
Jun 05 10:13:32 laptop kernel:   with arguments:
Jun 05 10:13:32 laptop kernel:     /init
Jun 05 10:13:32 laptop kernel:   with environment:
Jun 05 10:13:32 laptop kernel:     HOME=/
Jun 05 10:13:32 laptop kernel:     TERM=linux
Jun 05 10:13:32 laptop systemd[1]: Inserted module 'autofs4'
Jun 05 10:13:32 laptop systemd[1]: Successfully made /usr/ read-only.
Jun 05 10:13:32 laptop systemd[1]: systemd 260.1 running in system mode (+PAM +AUDIT -SELINUX +APPARMOR +IMA +IPE +SMACK +SECCOMP +GCRYPT -GNUTLS +OPENSSL +ACL +BLKID +CURL +ELFUTILS +FIDO2 +IDN2 +KMOD +LIBCRYPTSETUP +LIBCRYPTSETUP_PLUGINS +LIBFDISK +PCRE2 +PWQUALITY +P11KIT +QRENCODE +TPM2 +BZIP2 +LZ4 +XZ +ZLIB +ZSTD +BPF_FRAMEWORK -BTF -XKBCOMMON +UTMP +LIBARCHIVE)
Jun 05 10:13:32 laptop systemd[1]: Detected architecture x86-64.
Jun 05 10:13:32 laptop systemd[1]: Running in initrd.
Jun 05 10:13:32 laptop systemd[1]: Initializing machine ID from random generator.
Jun 05 10:13:32 laptop systemd[1]: Hostname set to <laptop>.
Jun 05 10:13:32 laptop systemd[1]: Queued start job for default target Initrd Default Target.
Jun 05 10:13:32 laptop systemd[1]: Created slice Slice /system/modprobe.
Jun 05 10:13:32 laptop systemd[1]: Started Dispatch Password Requests to Console Directory Watch.
Jun 05 10:13:32 laptop systemd[1]: Expecting device /dev/disk/by-uuid/146e1a3a-61e5-42f2-b9e1-3419a0c5a784...
Jun 05 10:13:32 laptop systemd[1]: Reached target Path Units.
Jun 05 10:13:32 laptop systemd[1]: Reached target Slice Units.
Jun 05 10:13:32 laptop systemd[1]: Reached target Swaps.
Jun 05 10:13:32 laptop systemd[1]: Reached target Timer Units.
Jun 05 10:13:32 laptop systemd[1]: Listening on D-Bus System Message Bus Socket.
Jun 05 10:13:32 laptop systemd[1]: Listening on Journal Socket (/dev/log).
Jun 05 10:13:32 laptop systemd[1]: Listening on Journal Sockets.
Jun 05 10:13:32 laptop systemd[1]: Listening on udev Control Socket.
Jun 05 10:13:32 laptop systemd[1]: Listening on udev Kernel Socket.
Jun 05 10:13:32 laptop systemd[1]: Reached target Socket Units.
Jun 05 10:13:32 laptop systemd[1]: Starting Create List of Static Device Nodes...
Jun 05 10:13:32 laptop systemd[1]: Starting Load Kernel Module configfs...
Jun 05 10:13:32 laptop systemd[1]: Starting Journal Service...
Jun 05 10:13:32 laptop systemd[1]: Starting Load Kernel Modules...
Jun 05 10:13:32 laptop systemd[1]: Early TPM SRK Setup skipped, unmet condition check ConditionSecurity=measured-uki
Jun 05 10:13:32 laptop systemd[1]: Starting Coldplug All udev Devices...
Jun 05 10:13:32 laptop systemd[1]: Finished Create List of Static Device Nodes.
Jun 05 10:13:32 laptop systemd[1]: modprobe@configfs.service: Deactivated successfully.
Jun 05 10:13:32 laptop systemd[1]: Finished Load Kernel Module configfs.
Jun 05 10:13:32 laptop systemd[1]: Kernel Configuration File System skipped, unmet condition check ConditionPathExists=/sys/kernel/config
Jun 05 10:13:32 laptop systemd[1]: Starting Create Static Device Nodes in /dev gracefully...
Jun 05 10:13:32 laptop systemd-journald[172]: Collecting audit messages is disabled.
Jun 05 10:13:32 laptop kernel: device-mapper: core: CONFIG_IMA_DISABLE_HTABLE is disabled. Duplicate IMA measurements will not be recorded in the IMA log.
Jun 05 10:13:32 laptop kernel: device-mapper: ioctl: 4.50.0-ioctl (2025-04-28) initialised: dm-devel@lists.linux.dev
Jun 05 10:13:32 laptop kernel: raid6: avx2x4   gen() 41849 MB/s
Jun 05 10:13:32 laptop systemd[1]: Finished Create Static Device Nodes in /dev gracefully.
Jun 05 10:13:32 laptop systemd[1]: Starting Create Static Device Nodes in /dev...
Jun 05 10:13:32 laptop kernel: raid6: avx2x2   gen() 42457 MB/s
Jun 05 10:13:32 laptop systemd[1]: Finished Create Static Device Nodes in /dev.
Jun 05 10:13:32 laptop systemd[1]: Reached target Preparation for Local File Systems.
Jun 05 10:13:32 laptop systemd[1]: Reached target Local File Systems.
Jun 05 10:13:32 laptop systemd-journald[172]: Journal started
Jun 05 10:13:32 laptop systemd-journald[172]: Runtime Journal (/run/log/journal/7f85e848695c4e029cc4c23361956aad) is 8M, max 1.2G, 1.2G free.
Jun 05 10:13:31 laptop systemd-modules-load[175]: Using 2 probe threads
Jun 05 10:13:32 laptop systemd-modules-load[175]: Inserted module 'dm_mod'
Jun 05 10:13:32 laptop systemd[1]: Starting Rule-based Manager for Device Events and Files...
Jun 05 10:13:32 laptop systemd[1]: Started Journal Service.
Jun 05 10:13:32 laptop systemd[1]: Starting Create System Files and Directories...
Jun 05 10:13:32 laptop kernel: raid6: avx2x1   gen() 35393 MB/s
Jun 05 10:13:32 laptop kernel: raid6: using algorithm avx2x2 gen() 42457 MB/s
Jun 05 10:13:32 laptop systemd[1]: Finished Create System Files and Directories.
Jun 05 10:13:32 laptop kernel: raid6: .... xor() 23566 MB/s, rmw enabled
Jun 05 10:13:32 laptop kernel: raid6: using avx2x2 recovery algorithm
Jun 05 10:13:32 laptop kernel: xor: automatically using best checksumming function   avx       
Jun 05 10:13:32 laptop systemd-udevd[194]: Using default interface naming scheme 'v260'.
Jun 05 10:13:32 laptop systemd[1]: Started Rule-based Manager for Device Events and Files.
Jun 05 10:13:32 laptop systemd[1]: Finished Coldplug All udev Devices.
Jun 05 10:13:32 laptop systemd[1]: Expecting device /dev/tpm0...
Jun 05 10:13:32 laptop systemd[1]: Found device /dev/tpm0.
Jun 05 10:13:32 laptop systemd[1]: Reached target Trusted Platform Module.
Jun 05 10:13:32 laptop systemd[1]: Starting Virtual Console Setup...
Jun 05 10:13:32 laptop systemd-modules-load[175]: Inserted module 'btrfs'
Jun 05 10:13:32 laptop kernel: rtsx_pci 0000:3a:00.0: enabling device (0000 -> 0002)
Jun 05 10:13:32 laptop kernel: Btrfs loaded, zoned=yes, fsverity=yes
Jun 05 10:13:32 laptop kernel: i8042: PNP: PS/2 Controller [PNP0303:PS2K,PNP0f13:PS2M] at 0x60,0x64 irq 1,12
Jun 05 10:13:32 laptop kernel: xhci_hcd 0000:00:14.0: xHCI Host Controller
Jun 05 10:13:32 laptop kernel: xhci_hcd 0000:00:14.0: new USB bus registered, assigned bus number 1
Jun 05 10:13:32 laptop kernel: Key type psk registered
Jun 05 10:13:32 laptop kernel: i8042: Warning: Keylock active
Jun 05 10:13:32 laptop kernel: xhci_hcd 0000:00:14.0: hcc params 0x200077c1 hci version 0x110 quirks 0x0000000000009810
Jun 05 10:13:32 laptop kernel: xhci_hcd 0000:00:14.0: xHCI Host Controller
Jun 05 10:13:32 laptop kernel: xhci_hcd 0000:00:14.0: new USB bus registered, assigned bus number 2
Jun 05 10:13:32 laptop systemd[1]: Finished Load Kernel Modules.
Jun 05 10:13:32 laptop kernel: xhci_hcd 0000:00:14.0: Host supports USB 3.1 Enhanced SuperSpeed
Jun 05 10:13:32 laptop kernel: usb usb1: New USB device found, idVendor=1d6b, idProduct=0002, bcdDevice= 6.18
Jun 05 10:13:32 laptop kernel: usb usb1: New USB device strings: Mfr=3, Product=2, SerialNumber=1
Jun 05 10:13:32 laptop kernel: usb usb1: Product: xHCI Host Controller
Jun 05 10:13:32 laptop kernel: usb usb1: Manufacturer: Linux 6.18.33 xhci-hcd
Jun 05 10:13:32 laptop kernel: usb usb1: SerialNumber: 0000:00:14.0
Jun 05 10:13:32 laptop kernel: hub 1-0:1.0: USB hub found
Jun 05 10:13:32 laptop kernel: hub 1-0:1.0: 12 ports detected
Jun 05 10:13:32 laptop kernel: serio: i8042 KBD port at 0x60,0x64 irq 1
Jun 05 10:13:32 laptop kernel: serio: i8042 AUX port at 0x60,0x64 irq 12
Jun 05 10:13:32 laptop kernel: usb usb2: New USB device found, idVendor=1d6b, idProduct=0003, bcdDevice= 6.18
Jun 05 10:13:32 laptop kernel: usb usb2: New USB device strings: Mfr=3, Product=2, SerialNumber=1
Jun 05 10:13:32 laptop systemd[1]: Starting Apply Kernel Variables...
Jun 05 10:13:32 laptop kernel: usb usb2: Product: xHCI Host Controller
Jun 05 10:13:32 laptop kernel: usb usb2: Manufacturer: Linux 6.18.33 xhci-hcd
Jun 05 10:13:32 laptop kernel: usb usb2: SerialNumber: 0000:00:14.0
Jun 05 10:13:32 laptop kernel: hub 2-0:1.0: USB hub found
Jun 05 10:13:32 laptop kernel: hub 2-0:1.0: 6 ports detected
Jun 05 10:13:32 laptop kernel: xhci_hcd 0000:39:00.0: xHCI Host Controller
Jun 05 10:13:32 laptop kernel: xhci_hcd 0000:39:00.0: new USB bus registered, assigned bus number 3
Jun 05 10:13:32 laptop kernel: input: AT Translated Set 2 keyboard as /devices/platform/i8042/serio0/input/input0
Jun 05 10:13:32 laptop kernel: xhci_hcd 0000:39:00.0: hcc params 0x200077c1 hci version 0x110 quirks 0x0000000200009810
Jun 05 10:13:32 laptop kernel: xhci_hcd 0000:39:00.0: xHCI Host Controller
Jun 05 10:13:32 laptop kernel: xhci_hcd 0000:39:00.0: new USB bus registered, assigned bus number 4
Jun 05 10:13:32 laptop kernel: xhci_hcd 0000:39:00.0: Host supports USB 3.1 Enhanced SuperSpeed
Jun 05 10:13:32 laptop kernel: usb usb3: New USB device found, idVendor=1d6b, idProduct=0002, bcdDevice= 6.18
Jun 05 10:13:32 laptop kernel: usb usb3: New USB device strings: Mfr=3, Product=2, SerialNumber=1
Jun 05 10:13:32 laptop kernel: usb usb3: Product: xHCI Host Controller
Jun 05 10:13:32 laptop kernel: usb usb3: Manufacturer: Linux 6.18.33 xhci-hcd
Jun 05 10:13:32 laptop kernel: usb usb3: SerialNumber: 0000:39:00.0
Jun 05 10:13:32 laptop kernel: hub 3-0:1.0: USB hub found
Jun 05 10:13:32 laptop kernel: hub 3-0:1.0: 2 ports detected
Jun 05 10:13:32 laptop kernel: usb usb4: New USB device found, idVendor=1d6b, idProduct=0003, bcdDevice= 6.18
Jun 05 10:13:32 laptop kernel: usb usb4: New USB device strings: Mfr=3, Product=2, SerialNumber=1
Jun 05 10:13:32 laptop kernel: usb usb4: Product: xHCI Host Controller
Jun 05 10:13:32 laptop kernel: usb usb4: Manufacturer: Linux 6.18.33 xhci-hcd
Jun 05 10:13:32 laptop kernel: usb usb4: SerialNumber: 0000:39:00.0
Jun 05 10:13:32 laptop kernel: hub 4-0:1.0: USB hub found
Jun 05 10:13:32 laptop kernel: hub 4-0:1.0: 2 ports detected
Jun 05 10:13:32 laptop systemd-vconsole-setup[245]: Configuration of first virtual console was skipped, ignoring remaining ones.
Jun 05 10:13:32 laptop systemd[1]: Finished Apply Kernel Variables.
Jun 05 10:13:32 laptop systemd[1]: Finished Virtual Console Setup.
Jun 05 10:13:32 laptop systemd[1]: Reached target System Initialization.
Jun 05 10:13:32 laptop systemd[1]: Reached target Basic System.
Jun 05 10:13:32 laptop kernel: nvme nvme0: pci function 0000:3b:00.0
Jun 05 10:13:32 laptop kernel: hwmon hwmon0: temp1_input not attached to any thermal zone
Jun 05 10:13:32 laptop kernel: hwmon hwmon0: temp2_input not attached to any thermal zone
Jun 05 10:13:32 laptop kernel: nvme nvme0: 8/0/0 default/read/poll queues
Jun 05 10:13:32 laptop kernel:  nvme0n1: p1 p2 p3
Jun 05 10:13:32 laptop systemd[1]: Found device KXG60ZNV256G NVMe TOSHIBA 256GB root.
Jun 05 10:13:32 laptop systemd[1]: Reached target Initrd Root Device.
Jun 05 10:13:32 laptop kernel: tsc: Refined TSC clocksource calibration: 2112.000 MHz
Jun 05 10:13:32 laptop kernel: clocksource: tsc: mask: 0xffffffffffffffff max_cycles: 0x1e71785e5dd, max_idle_ns: 440795244814 ns
Jun 05 10:13:32 laptop kernel: clocksource: Switched to clocksource tsc
Jun 05 10:13:32 laptop kernel: usb 1-6: new high-speed USB device number 2 using xhci_hcd
Jun 05 10:13:32 laptop kernel: usb 1-6: New USB device found, idVendor=0bda, idProduct=5538, bcdDevice=81.79
Jun 05 10:13:32 laptop kernel: usb 1-6: New USB device strings: Mfr=3, Product=1, SerialNumber=2
Jun 05 10:13:32 laptop kernel: usb 1-6: Product: Integrated_Webcam_HD
Jun 05 10:13:32 laptop kernel: usb 1-6: Manufacturer: CKFHH66P171430072030
Jun 05 10:13:32 laptop kernel: usb 1-6: SerialNumber: 200901010001
Jun 05 10:13:32 laptop kernel: usb 1-8: new high-speed USB device number 3 using xhci_hcd
Jun 05 10:13:32 laptop kernel: usb 1-8: New USB device found, idVendor=0a5c, idProduct=5843, bcdDevice= 1.01
Jun 05 10:13:32 laptop kernel: usb 1-8: New USB device strings: Mfr=1, Product=2, SerialNumber=3
Jun 05 10:13:32 laptop kernel: usb 1-8: Product: 58200
Jun 05 10:13:32 laptop kernel: usb 1-8: Manufacturer: Broadcom Corp
Jun 05 10:13:32 laptop kernel: usb 1-8: SerialNumber: 0123456789ABCD
Jun 05 10:13:32 laptop kernel: usb 1-10: new full-speed USB device number 4 using xhci_hcd
Jun 05 10:13:32 laptop systemd[1]: Mounting /sysroot...
Jun 05 10:13:33 laptop kernel: BTRFS: device label root devid 1 transid 3187 /dev/nvme0n1p2 (259:2) scanned by mount (266)
Jun 05 10:13:33 laptop kernel: BTRFS info (device nvme0n1p2): first mount of filesystem 146e1a3a-61e5-42f2-b9e1-3419a0c5a784
Jun 05 10:13:33 laptop kernel: BTRFS info (device nvme0n1p2): using crc32c (crc32c-lib) checksum algorithm
Jun 05 10:13:33 laptop kernel: BTRFS info (device nvme0n1p2): enabling ssd optimizations
Jun 05 10:13:33 laptop kernel: BTRFS info (device nvme0n1p2): turning on async discard
Jun 05 10:13:33 laptop kernel: BTRFS info (device nvme0n1p2): enabling free space tree
Jun 05 10:13:33 laptop systemd[1]: Mounted /sysroot.
Jun 05 10:13:33 laptop systemd[1]: Reached target Initrd Root File System.
Jun 05 10:13:33 laptop systemd[1]: sysroot-nix.mount: Directory /sysroot/nix to mount over is not empty, mounting anyway.
Jun 05 10:13:33 laptop systemd[1]: Mounting /sysroot/nix...
Jun 05 10:13:33 laptop systemd[1]: Mounting /sysroot/run...
Jun 05 10:13:33 laptop systemd[1]: Starting Mountpoints Configured in the Real Root...
Jun 05 10:13:33 laptop systemd[1]: Mounted /sysroot/run.
Jun 05 10:13:33 laptop systemd-sysroot-fstab-check[290]: /sysroot should be mounted in the initrd, will request daemon-reload.
Jun 05 10:13:33 laptop systemd[1]: Mounted /sysroot/nix.
Jun 05 10:13:33 laptop kernel: usb 1-10: New USB device found, idVendor=8087, idProduct=0aaa, bcdDevice= 0.02
Jun 05 10:13:33 laptop kernel: usb 1-10: New USB device strings: Mfr=0, Product=0, SerialNumber=0
Jun 05 10:13:33 laptop systemd[1]: Starting Find NixOS closure...
Jun 05 10:13:33 laptop systemd[1]: Reload requested from client PID 290 ('systemd-sysroot') (unit initrd-parse-etc.service)...
Jun 05 10:13:33 laptop systemd[1]: Reloading...
Jun 05 10:13:33 laptop systemd[1]: Reloading finished in 196 ms.
Jun 05 10:13:33 laptop systemd-sysroot-fstab-check[290]: Requesting initrd-fs.target/start/replace...
Jun 05 10:13:33 laptop systemd[1]: Finished Find NixOS closure.
Jun 05 10:13:33 laptop systemd-sysroot-fstab-check[290]: Requesting swap.target/start/replace...
Jun 05 10:13:33 laptop systemd[1]: initrd-parse-etc.service: Deactivated successfully.
Jun 05 10:13:33 laptop systemd[1]: Finished Mountpoints Configured in the Real Root.
Jun 05 10:13:33 laptop systemd[1]: initrd-parse-etc.service: Triggering OnSuccess= dependencies.
Jun 05 10:13:33 laptop systemd[1]: Reached target Initrd File Systems.
Jun 05 10:13:33 laptop systemd[1]: Starting Create Volatile Files and Directories in the Real Root...
Jun 05 10:13:33 laptop systemd[1]: Finished Create Volatile Files and Directories in the Real Root.
Jun 05 10:13:33 laptop systemd[1]: Reached target Initrd Default Target.
Jun 05 10:13:33 laptop systemd[1]: Starting Cleaning Up and Shutting Down Daemons...
Jun 05 10:13:33 laptop systemd[1]: Stopped target Initrd Default Target.
Jun 05 10:13:33 laptop systemd[1]: Stopped target Basic System.
Jun 05 10:13:33 laptop systemd[1]: Stopped target Initrd Root Device.
Jun 05 10:13:33 laptop systemd[1]: Stopped target Path Units.
Jun 05 10:13:33 laptop systemd[1]: systemd-ask-password-console.path: Deactivated successfully.
Jun 05 10:13:33 laptop systemd[1]: Stopped Dispatch Password Requests to Console Directory Watch.
Jun 05 10:13:33 laptop systemd[1]: Stopped target Slice Units.
Jun 05 10:13:33 laptop systemd[1]: Stopped target Socket Units.
Jun 05 10:13:33 laptop systemd[1]: Stopped target System Initialization.
Jun 05 10:13:33 laptop systemd[1]: Stopped target Swaps.
Jun 05 10:13:33 laptop systemd[1]: Stopped target Timer Units.
Jun 05 10:13:33 laptop systemd[1]: Stopped target Trusted Platform Module.
Jun 05 10:13:33 laptop systemd[1]: dbus.socket: Deactivated successfully.
Jun 05 10:13:33 laptop systemd[1]: Closed D-Bus System Message Bus Socket.
Jun 05 10:13:33 laptop systemd[1]: initrd-find-nixos-closure.service: Deactivated successfully.
Jun 05 10:13:33 laptop systemd[1]: Stopped Find NixOS closure.
Jun 05 10:13:33 laptop systemd[1]: systemd-sysctl.service: Deactivated successfully.
Jun 05 10:13:33 laptop systemd[1]: Stopped Apply Kernel Variables.
Jun 05 10:13:33 laptop systemd[1]: systemd-modules-load.service: Deactivated successfully.
Jun 05 10:13:33 laptop systemd[1]: Stopped Load Kernel Modules.
Jun 05 10:13:33 laptop systemd[1]: systemd-tmpfiles-setup-sysroot.service: Deactivated successfully.
Jun 05 10:13:33 laptop systemd[1]: Stopped Create Volatile Files and Directories in the Real Root.
Jun 05 10:13:33 laptop systemd[1]: systemd-tmpfiles-setup.service: Deactivated successfully.
Jun 05 10:13:33 laptop systemd[1]: Stopped Create System Files and Directories.
Jun 05 10:13:33 laptop systemd[1]: Stopped target Local File Systems.
Jun 05 10:13:33 laptop systemd[1]: Stopped target Preparation for Local File Systems.
Jun 05 10:13:33 laptop systemd[1]: systemd-udev-trigger.service: Deactivated successfully.
Jun 05 10:13:33 laptop systemd[1]: Stopped Coldplug All udev Devices.
Jun 05 10:13:33 laptop systemd[1]: Stopping Rule-based Manager for Device Events and Files...
Jun 05 10:13:33 laptop systemd[1]: systemd-vconsole-setup.service: Deactivated successfully.
Jun 05 10:13:33 laptop systemd[1]: Stopped Virtual Console Setup.
Jun 05 10:13:33 laptop systemd[1]: systemd-udevd.service: Deactivated successfully.
Jun 05 10:13:33 laptop systemd[1]: Stopped Rule-based Manager for Device Events and Files.
Jun 05 10:13:33 laptop systemd[1]: initrd-cleanup.service: Deactivated successfully.
Jun 05 10:13:33 laptop systemd[1]: Finished Cleaning Up and Shutting Down Daemons.
Jun 05 10:13:33 laptop systemd[1]: systemd-udevd-control.socket: Deactivated successfully.
Jun 05 10:13:33 laptop systemd[1]: Closed udev Control Socket.
Jun 05 10:13:33 laptop systemd[1]: Starting Cleanup udev Database...
Jun 05 10:13:33 laptop systemd[1]: systemd-tmpfiles-setup-dev.service: Deactivated successfully.
Jun 05 10:13:33 laptop systemd[1]: Stopped Create Static Device Nodes in /dev.
Jun 05 10:13:33 laptop systemd[1]: systemd-tmpfiles-setup-dev-early.service: Deactivated successfully.
Jun 05 10:13:33 laptop systemd[1]: Stopped Create Static Device Nodes in /dev gracefully.
Jun 05 10:13:33 laptop systemd[1]: kmod-static-nodes.service: Deactivated successfully.
Jun 05 10:13:33 laptop systemd[1]: Stopped Create List of Static Device Nodes.
Jun 05 10:13:33 laptop systemd[1]: initrd-udevadm-cleanup-db.service: Deactivated successfully.
Jun 05 10:13:33 laptop systemd[1]: Finished Cleanup udev Database.
Jun 05 10:13:33 laptop systemd[1]: Reached target Switch Root.
Jun 05 10:13:33 laptop systemd[1]: Starting NixOS Activation...
Jun 05 10:13:33 laptop initrd-nixos-activation-start[531]: booting system configuration /nix/store/3fgs5nqh1p2d6wxq9wqffyan73bzn9p6-nixos-system-laptop-26.11.20260531.331800d
Jun 05 10:13:33 laptop initrd-nixos-activation-start[531]: running activation script...
Jun 05 10:13:33 laptop initrd-nixos-activation-start[558]: setting up /etc...
Jun 05 10:13:33 laptop systemd[1]: initrd-nixos-activation.service: Deactivated successfully.
Jun 05 10:13:33 laptop systemd[1]: Finished NixOS Activation.
Jun 05 10:13:33 laptop systemd[1]: Starting Switch Root...
Jun 05 10:13:34 laptop systemd[1]: Switching root.
Jun 05 10:13:34 laptop systemd-journald[172]: Journal stopped
Jun 05 10:13:35 laptop systemd-journald[172]: Received SIGTERM from PID 1 (systemd).
Jun 05 10:13:35 laptop systemd[1]: systemd 260.1 running in system mode (+PAM +AUDIT -SELINUX +APPARMOR +IMA +IPE +SMACK +SECCOMP +GCRYPT -GNUTLS +OPENSSL +ACL +BLKID +CURL +ELFUTILS +FIDO2 +IDN2 +KMOD +LIBCRYPTSETUP +LIBCRYPTSETUP_PLUGINS +LIBFDISK +PCRE2 +PWQUALITY +P11KIT +QRENCODE +TPM2 +BZIP2 +LZ4 +XZ +ZLIB +ZSTD +BPF_FRAMEWORK -BTF -XKBCOMMON +UTMP +LIBARCHIVE)
Jun 05 10:13:35 laptop systemd[1]: Detected architecture x86-64.
Jun 05 10:13:35 laptop systemd[1]: bpf-restrict-fs: LSM BPF program attached
Jun 05 10:13:35 laptop systemd[1]: /etc/systemd/system/cups.socket:5: ListenStream= references a path below legacy directory /var/run/, updating /var/run/cups/cups.sock → /run/cups/cups.sock; please update the unit file accordingly.
Jun 05 10:13:35 laptop systemd[1]: initrd-switch-root.service: Deactivated successfully.
Jun 05 10:13:35 laptop systemd[1]: Stopped initrd-switch-root.service.
Jun 05 10:13:35 laptop systemd[1]: systemd-journald.service: Scheduled restart job, restart counter is at 1.
Jun 05 10:13:35 laptop systemd[1]: Created slice Slice /system/systemd-fsck.
Jun 05 10:13:35 laptop systemd[1]: Created slice User and Session Slice.
Jun 05 10:13:35 laptop systemd[1]: Started Dispatch Password Requests to Console Directory Watch.
Jun 05 10:13:35 laptop systemd[1]: Started Forward Password Requests to Wall Directory Watch.
Jun 05 10:13:35 laptop systemd[1]: Expecting device /dev/disk/by-uuid/13d21eb8-09b9-41ba-8c82-7839a306927b...
Jun 05 10:13:35 laptop systemd[1]: Expecting device /dev/disk/by-uuid/146e1a3a-61e5-42f2-b9e1-3419a0c5a784...
Jun 05 10:13:35 laptop systemd[1]: Expecting device /dev/disk/by-uuid/88B5-E2A0...
Jun 05 10:13:35 laptop systemd[1]: Reached target Local Encrypted Volumes.
Jun 05 10:13:35 laptop systemd[1]: Reached target Login Prompts.
Jun 05 10:13:35 laptop systemd[1]: Stopped target initrd-fs.target.
Jun 05 10:13:35 laptop systemd[1]: Stopped target initrd-root-fs.target.
Jun 05 10:13:35 laptop systemd[1]: Stopped target initrd-switch-root.target.
Jun 05 10:13:35 laptop systemd[1]: Reached target Virtual Machines and Containers.
Jun 05 10:13:35 laptop systemd[1]: Reached target Path Units.
Jun 05 10:13:35 laptop systemd[1]: Reached target Remote File Systems.
Jun 05 10:13:35 laptop systemd[1]: Reached target Slice Units.
Jun 05 10:13:35 laptop systemd[1]: Listening on Process Core Dump Socket.
Jun 05 10:13:35 laptop systemd[1]: Listening on Credential Encryption/Decryption.
Jun 05 10:13:35 laptop systemd[1]: Starting Journal Log Access Socket...
Jun 05 10:13:35 laptop systemd[1]: Listening on Journal Audit Socket.
Jun 05 10:13:35 laptop systemd[1]: Listening on Userspace Out-Of-Memory (OOM) Killer Socket.
Jun 05 10:13:35 laptop systemd[1]: Make TPM PCR Policy skipped, unmet condition check ConditionSecurity=measured-uki
Jun 05 10:13:35 laptop systemd[1]: Listening on udev Control Socket.
Jun 05 10:13:35 laptop systemd[1]: Mounting Huge Pages File System...
Jun 05 10:13:35 laptop systemd[1]: Mounting POSIX Message Queue File System...
Jun 05 10:13:35 laptop systemd[1]: Mounting Kernel Debug File System...
Jun 05 10:13:35 laptop systemd[1]: Mounting Kernel Trace File System...
Jun 05 10:13:35 laptop systemd[1]: Starting Create List of Static Device Nodes...
Jun 05 10:13:35 laptop systemd[1]: Starting Load Kernel Module configfs...
Jun 05 10:13:35 laptop systemd[1]: Load Kernel Module drm skipped, unmet condition check ConditionKernelModuleLoaded=!drm
Jun 05 10:13:35 laptop systemd[1]: Load Kernel Module efi_pstore skipped, unmet condition check ConditionKernelModuleLoaded=!efi_pstore
Jun 05 10:13:35 laptop systemd[1]: Starting Load Kernel Module fuse...
Jun 05 10:13:35 laptop systemd[1]: Clear Stale Hibernate Storage Info skipped, unmet condition check ConditionPathExists=/sys/firmware/efi/efivars/HibernateLocation-8cf2644b-4b0b-428f-9387-6d876050dc67
Jun 05 10:13:35 laptop systemd[1]: Starting Journal Service...
Jun 05 10:13:35 laptop systemd[1]: Starting Load Kernel Modules...
Jun 05 10:13:35 laptop systemd[1]: Starting Remount Root and Kernel File Systems...
Jun 05 10:13:35 laptop systemd[1]: Early TPM SRK Setup skipped, unmet condition check ConditionSecurity=measured-uki
Jun 05 10:13:35 laptop systemd[1]: Starting Coldplug All udev Devices...
Jun 05 10:13:35 laptop systemd[1]: Listening on Journal Log Access Socket.
Jun 05 10:13:35 laptop systemd[1]: Mounted Huge Pages File System.
Jun 05 10:13:35 laptop systemd[1]: Mounted POSIX Message Queue File System.
Jun 05 10:13:35 laptop systemd[1]: Mounted Kernel Debug File System.
Jun 05 10:13:35 laptop systemd[1]: Mounted Kernel Trace File System.
Jun 05 10:13:35 laptop systemd[1]: Finished Create List of Static Device Nodes.
Jun 05 10:13:35 laptop systemd[1]: modprobe@configfs.service: Deactivated successfully.
Jun 05 10:13:35 laptop systemd[1]: Finished Load Kernel Module configfs.
Jun 05 10:13:35 laptop systemd[1]: Mounting Kernel Configuration File System...
Jun 05 10:13:35 laptop systemd[1]: Starting Create Static Device Nodes in /dev gracefully...
Jun 05 10:13:35 laptop kernel: fuse: init (API version 7.45)
Jun 05 10:13:35 laptop systemd-journald[757]: Collecting audit messages is enabled.
Jun 05 10:13:35 laptop systemd[1]: modprobe@fuse.service: Deactivated successfully.
Jun 05 10:13:35 laptop systemd[1]: Finished Load Kernel Module fuse.
Jun 05 10:13:35 laptop kernel: loop: module loaded
Jun 05 10:13:35 laptop systemd[1]: Finished Remount Root and Kernel File Systems.
Jun 05 10:13:35 laptop systemd[1]: Mounting FUSE Control File System...
Jun 05 10:13:35 laptop systemd-journald[757]: Journal started
Jun 05 10:13:35 laptop systemd-journald[757]: Runtime Journal (/run/log/journal/59cd9cccad824345b397488c37c13af0) is 8M, max 1.5G, 1.5G free.
Jun 05 10:13:35 laptop systemd[1]: Queued start job for default target Graphical Interface.
Jun 05 10:13:35 laptop systemd[1]: Unnecessary job was removed for /dev/nvme0n1p2.
Jun 05 10:13:35 laptop systemd[1]: systemd-journald.service: Deactivated successfully.
Jun 05 10:13:35 laptop systemd[1]: Platform Persistent Storage Archival skipped, unmet condition check ConditionDirectoryNotEmpty=/sys/fs/pstore
Jun 05 10:13:35 laptop systemd-modules-load[758]: Using 4 probe threads
Jun 05 10:13:35 laptop systemd-modules-load[758]: Module 'ctr' is built in
Jun 05 10:13:35 laptop systemd-modules-load[758]: Inserted module 'loop'
Jun 05 10:13:35 laptop systemd[1]: Starting Load/Save OS Random Seed...
Jun 05 10:13:35 laptop systemd[1]: Starting Network Time Synchronization...
Jun 05 10:13:35 laptop systemd[1]: TPM SRK Setup skipped, unmet condition check ConditionSecurity=measured-uki
Jun 05 10:13:35 laptop systemd[1]: Started Journal Service.
Jun 05 10:13:35 laptop systemd[1]: Mounted Kernel Configuration File System.
Jun 05 10:13:35 laptop systemd[1]: Finished Create Static Device Nodes in /dev gracefully.
Jun 05 10:13:35 laptop systemd[1]: Mounted FUSE Control File System.
Jun 05 10:13:35 laptop systemd[1]: Finished Load/Save OS Random Seed.
Jun 05 10:13:35 laptop systemd[1]: First Boot Complete skipped, unmet condition check ConditionFirstBoot=yes
Jun 05 10:13:35 laptop systemd[1]: Starting Flush Journal to Persistent Storage...
Jun 05 10:13:35 laptop systemd[1]: Starting Create Static Device Nodes in /dev...
Jun 05 10:13:35 laptop systemd-journald[757]: Time spent on flushing to /var/log/journal/59cd9cccad824345b397488c37c13af0 is 29.561ms for 984 entries.
Jun 05 10:13:35 laptop systemd-journald[757]: System Journal (/var/log/journal/59cd9cccad824345b397488c37c13af0) is 220.3M, max 4G, 3.7G free.
Jun 05 10:13:35 laptop systemd-journald[757]: Received client request to flush runtime journal.
Jun 05 10:13:35 laptop systemd[1]: Finished Create Static Device Nodes in /dev.
Jun 05 10:13:35 laptop systemd[1]: Reached target Preparation for Local File Systems.
Jun 05 10:13:35 laptop systemd[1]: Starting Rule-based Manager for Device Events and Files...
Jun 05 10:13:35 laptop systemd-timesyncd[770]: Disabling NSCD because DNSSEC validation is turned off
Jun 05 10:13:35 laptop systemd[1]: Started Network Time Synchronization.
Jun 05 10:13:35 laptop systemd[1]: Finished Flush Journal to Persistent Storage.
Jun 05 10:13:35 laptop systemd-udevd[788]: Using default interface naming scheme 'v260'.
Jun 05 10:13:35 laptop systemd-modules-load[758]: Inserted module 'kvm_intel'
Jun 05 10:13:35 laptop systemd[1]: Finished Load Kernel Modules.
Jun 05 10:13:35 laptop systemd[1]: Starting Firewall...
Jun 05 10:13:35 laptop systemd[1]: Starting Apply Kernel Variables...
Jun 05 10:13:35 laptop systemd[1]: Finished Apply Kernel Variables.
Jun 05 10:13:35 laptop systemd[1]: Starting Network Name Resolution...
Jun 05 10:13:35 laptop systemd[1]: Started Rule-based Manager for Device Events and Files.
Jun 05 10:13:35 laptop systemd[1]: Finished Coldplug All udev Devices.
Jun 05 10:13:35 laptop systemd-timesyncd[770]: Network configuration changed, trying to establish connection.
Jun 05 10:13:35 laptop systemd-timesyncd[770]: Network configuration changed, trying to establish connection.
Jun 05 10:13:35 laptop systemd-resolved[801]: Positive Trust Anchors:
Jun 05 10:13:35 laptop systemd-resolved[801]: . IN DS 20326 8 2 e06d44b80b8f1d39a95c0b0d7c65d08458e880409bbc683457104237c7f8ec8d
Jun 05 10:13:35 laptop systemd-resolved[801]: . IN DS 38696 8 2 683d2d0acb8c9b712a1948b27f741219298d0a450d612c483af444a4c0fb2b16
Jun 05 10:13:35 laptop systemd-resolved[801]: Negative trust anchors: home.arpa 10.in-addr.arpa 16.172.in-addr.arpa 17.172.in-addr.arpa 18.172.in-addr.arpa 19.172.in-addr.arpa 20.172.in-addr.arpa 21.172.in-addr.arpa 22.172.in-addr.arpa 23.172.in-addr.arpa 24.172.in-addr.arpa 25.172.in-addr.arpa 26.172.in-addr.arpa 27.172.in-addr.arpa 28.172.in-addr.arpa 29.172.in-addr.arpa 30.172.in-addr.arpa 31.172.in-addr.arpa 170.0.0.192.in-addr.arpa 171.0.0.192.in-addr.arpa 168.192.in-addr.arpa d.f.ip6.arpa ipv4only.arpa resolver.arpa corp home internal intranet lan local private test
Jun 05 10:13:35 laptop systemd-resolved[801]: Using system hostname 'laptop'.
Jun 05 10:13:35 laptop systemd[1]: Started Network Name Resolution.
Jun 05 10:13:35 laptop systemd[1]: Condition check resulted in /dev/tpmrm0 being skipped.
Jun 05 10:13:35 laptop systemd[1]: Expecting device /dev/tpm0...
Jun 05 10:13:35 laptop kernel: wmi_bus wmi_bus-PNP0C14:03: [Firmware Bug]: WQBC data block query control method not found
Jun 05 10:13:35 laptop kernel: intel-lpss 0000:00:15.0: enabling device (0000 -> 0002)
Jun 05 10:13:35 laptop kernel: idma64 idma64.0: Found Intel integrated DMA 64-bit
Jun 05 10:13:35 laptop kernel: input: Intel HID events as /devices/platform/INT33D5:00/input/input2
Jun 05 10:13:35 laptop kernel: input: Lid Switch as /devices/LNXSYSTM:00/LNXSYBUS:00/PNP0C0D:00/input/input3
Jun 05 10:13:35 laptop kernel: ACPI: AC: AC Adapter [AC] (on-line)
Jun 05 10:13:35 laptop kernel: intel_pmc_core INT33A1:00:  initialized
Jun 05 10:13:35 laptop kernel: ACPI: button: Lid Switch [LID0]
Jun 05 10:13:35 laptop kernel: intel-hid INT33D5:00: platform supports 5 button array
Jun 05 10:13:35 laptop kernel: input: Intel HID 5 button array as /devices/platform/INT33D5:00/input/input5
Jun 05 10:13:35 laptop kernel: input: Power Button as /devices/LNXSYSTM:00/LNXSYBUS:00/PNP0C0C:00/input/input4
Jun 05 10:13:35 laptop kernel: ACPI: button: Power Button [PBTN]
Jun 05 10:13:35 laptop kernel: input: Sleep Button as /devices/LNXSYSTM:00/LNXSYBUS:00/PNP0C0E:00/input/input6
Jun 05 10:13:35 laptop kernel: ACPI: button: Sleep Button [SBTN]
Jun 05 10:13:35 laptop systemd[1]: Condition check resulted in KXG60ZNV256G NVMe TOSHIBA 256GB EFI being skipped.
Jun 05 10:13:35 laptop systemd[1]: Condition check resulted in KXG60ZNV256G NVMe TOSHIBA 256GB swap being skipped.
Jun 05 10:13:35 laptop systemd[1]: Activating swap /dev/disk/by-uuid/13d21eb8-09b9-41ba-8c82-7839a306927b...
Jun 05 10:13:35 laptop systemd[1]: Starting File System Check on /dev/disk/by-uuid/88B5-E2A0...
Jun 05 10:13:35 laptop kernel: rtc_cmos 00:02: RTC can wake from S4
Jun 05 10:13:35 laptop kernel: cfg80211: Loading compiled-in X.509 certificates for regulatory database
Jun 05 10:13:36 laptop systemd-resolved[801]: Clock change detected. Flushing caches.
Jun 05 10:13:36 laptop kernel: rtc_cmos 00:02: registered as rtc0
Jun 05 10:13:36 laptop kernel: rtc_cmos 00:02: setting system clock to 2026-06-05T17:13:36 UTC (1780679616)
Jun 05 10:13:36 laptop kernel: rtc_cmos 00:02: alarms up to one month, y3k, 242 bytes nvram
Jun 05 10:13:36 laptop kernel: Loaded X.509 cert 'sforshee: 00b28ddf47aef9cea7'
Jun 05 10:13:36 laptop kernel: Loaded X.509 cert 'wens: 61c038651aabdcf94bd0ac7ff06c7248db18c600'
Jun 05 10:13:36 laptop systemd[1]: Found device KXG60ZNV256G NVMe TOSHIBA 256GB root.
Jun 05 10:13:36 laptop kernel: Adding 9227468k swap on /dev/nvme0n1p3.  Priority:-2 extents:1 across:9227468k SS
Jun 05 10:13:36 laptop kernel: hid: raw HID events driver (C) Jiri Kosina
Jun 05 10:13:36 laptop mtp-probe[911]: checking bus 1, device 3: "/sys/devices/pci0000:00/0000:00:14.0/usb1/1-8"
Jun 05 10:13:36 laptop mtp-probe[910]: checking bus 1, device 2: "/sys/devices/pci0000:00/0000:00:14.0/usb1/1-6"
Jun 05 10:13:36 laptop mtp-probe[910]: bus: 1, device: 2 was not an MTP device
Jun 05 10:13:36 laptop systemd[1]: Activated swap /dev/disk/by-uuid/13d21eb8-09b9-41ba-8c82-7839a306927b.
Jun 05 10:13:36 laptop systemd[1]: Reached target Swaps.
Jun 05 10:13:36 laptop mtp-probe[911]: bus: 1, device: 3 was not an MTP device
Jun 05 10:13:36 laptop systemd[1]: Starting Userspace Out-Of-Memory (OOM) Killer...
Jun 05 10:13:36 laptop kernel: ACPI: bus type thunderbolt registered
Jun 05 10:13:36 laptop kernel: mc: Linux media interface: v0.10
Jun 05 10:13:36 laptop systemd[1]: Reached target Smart Card.
Jun 05 10:13:36 laptop systemd-fsck[909]: fsck.fat 4.2 (2021-01-31)
Jun 05 10:13:36 laptop systemd-fsck[909]: /dev/nvme0n1p1: 52 files, 78140/261628 clusters
Jun 05 10:13:36 laptop systemd[1]: Finished File System Check on /dev/disk/by-uuid/88B5-E2A0.
Jun 05 10:13:36 laptop kernel: ACPI: battery: Slot [BAT0] (battery present)
Jun 05 10:13:36 laptop kernel: thermal LNXTHERM:00: registered as thermal_zone3
Jun 05 10:13:36 laptop kernel: ACPI: thermal: Thermal Zone [THM] (25 C)
Jun 05 10:13:36 laptop systemd-timesyncd[770]: Network configuration changed, trying to establish connection.
Jun 05 10:13:36 laptop kernel: videodev: Linux video capture interface: v2.00
Jun 05 10:13:36 laptop kernel: serial 0000:00:16.3: enabling device (0000 -> 0003)
Jun 05 10:13:36 laptop kernel: intel-lpss 0000:00:15.1: enabling device (0000 -> 0002)
Jun 05 10:13:36 laptop kernel: idma64 idma64.1: Found Intel integrated DMA 64-bit
Jun 05 10:13:36 laptop kernel: 0000:00:16.3: ttyS0 at I/O 0x3060 (irq = 19, base_baud = 115200) is a 16550A
Jun 05 10:13:36 laptop kernel: iwlwifi 0000:00:14.3: enabling device (0000 -> 0002)
Jun 05 10:13:36 laptop kernel: iwlwifi 0000:00:14.3: Detected crf-id 0x2816, cnv-id 0x1000100 wfpm id 0x80000000
Jun 05 10:13:36 laptop kernel: iwlwifi 0000:00:14.3: PCI dev 9df0/4030, rev=0x312, rfid=0x105110
Jun 05 10:13:36 laptop kernel: iwlwifi 0000:00:14.3: Detected Intel(R) Wireless-AC 9560 160MHz
Jun 05 10:13:36 laptop kernel: iwlwifi 0000:00:14.3: WRT: Overriding region id 0
Jun 05 10:13:36 laptop kernel: iwlwifi 0000:00:14.3: WRT: Overriding region id 1
Jun 05 10:13:36 laptop kernel: iwlwifi 0000:00:14.3: WRT: Overriding region id 2
Jun 05 10:13:36 laptop kernel: iwlwifi 0000:00:14.3: WRT: Overriding region id 3
Jun 05 10:13:36 laptop kernel: iwlwifi 0000:00:14.3: WRT: Overriding region id 4
Jun 05 10:13:36 laptop kernel: iwlwifi 0000:00:14.3: WRT: Overriding region id 6
Jun 05 10:13:36 laptop kernel: iwlwifi 0000:00:14.3: WRT: Overriding region id 8
Jun 05 10:13:36 laptop kernel: iwlwifi 0000:00:14.3: WRT: Overriding region id 9
Jun 05 10:13:36 laptop kernel: iwlwifi 0000:00:14.3: WRT: Overriding region id 10
Jun 05 10:13:36 laptop kernel: iwlwifi 0000:00:14.3: WRT: Overriding region id 11
Jun 05 10:13:36 laptop kernel: iwlwifi 0000:00:14.3: WRT: Overriding region id 15
Jun 05 10:13:36 laptop kernel: iwlwifi 0000:00:14.3: WRT: Overriding region id 16
Jun 05 10:13:36 laptop systemd[1]: Found device /dev/tpm0.
Jun 05 10:13:36 laptop kernel: iwlwifi 0000:00:14.3: WRT: Overriding region id 18
Jun 05 10:13:36 laptop kernel: iwlwifi 0000:00:14.3: WRT: Overriding region id 19
Jun 05 10:13:36 laptop kernel: iwlwifi 0000:00:14.3: WRT: Overriding region id 20
Jun 05 10:13:36 laptop kernel: iwlwifi 0000:00:14.3: WRT: Overriding region id 21
Jun 05 10:13:36 laptop kernel: iwlwifi 0000:00:14.3: WRT: Overriding region id 28
Jun 05 10:13:36 laptop kernel: iwlwifi 0000:00:14.3: loaded firmware version 46.7e3e4b69.0 9000-pu-b0-jf-b0-46.ucode op_mode iwlmvm
Jun 05 10:13:36 laptop systemd[1]: Reached target Trusted Platform Module.
Jun 05 10:13:36 laptop kernel: Bluetooth: Core ver 2.22
Jun 05 10:13:36 laptop kernel: NET: Registered PF_BLUETOOTH protocol family
Jun 05 10:13:36 laptop kernel: Bluetooth: HCI device and connection manager initialized
Jun 05 10:13:36 laptop kernel: Bluetooth: HCI socket layer initialized
Jun 05 10:13:36 laptop kernel: Bluetooth: L2CAP socket layer initialized
Jun 05 10:13:36 laptop kernel: Bluetooth: SCO socket layer initialized
Jun 05 10:13:36 laptop kernel: proc_thermal 0000:00:04.0: enabling device (0000 -> 0002)
Jun 05 10:13:36 laptop kernel: mei_me 0000:00:16.0: enabling device (0000 -> 0002)
Jun 05 10:13:36 laptop systemd[1]: Started Userspace Out-Of-Memory (OOM) Killer.
Jun 05 10:13:36 laptop kernel: pps_core: LinuxPPS API ver. 1 registered
Jun 05 10:13:36 laptop kernel: pps_core: Software ver. 5.3.6 - Copyright 2005-2007 Rodolfo Giometti <giometti@linux.it>
Jun 05 10:13:36 laptop kernel: i801_smbus 0000:00:1f.4: SPD Write Disable is set
Jun 05 10:13:36 laptop kernel: i801_smbus 0000:00:1f.4: SMBus using PCI interrupt
Jun 05 10:13:36 laptop kernel: PTP clock support registered
Jun 05 10:13:36 laptop systemd[1]: Finished Firewall.
Jun 05 10:13:36 laptop systemd[1]: Reached target Preparation for Network.
Jun 05 10:13:36 laptop systemd[1]: Listening on Load/Save RF Kill Switch Status /dev/rfkill Watch.
Jun 05 10:13:36 laptop systemd[1]: Starting Virtual Console Setup...
Jun 05 10:13:36 laptop kernel: intel_rapl_common: Found RAPL domain package
Jun 05 10:13:36 laptop kernel: intel_rapl_common: Found RAPL domain dram
Jun 05 10:13:36 laptop kernel: RAPL PMU: API unit is 2^-32 Joules, 5 fixed counters, 655360 ms ovfl timer
Jun 05 10:13:36 laptop kernel: RAPL PMU: hw unit of domain pp0-core 2^-14 Joules
Jun 05 10:13:36 laptop kernel: RAPL PMU: hw unit of domain package 2^-14 Joules
Jun 05 10:13:36 laptop kernel: RAPL PMU: hw unit of domain dram 2^-14 Joules
Jun 05 10:13:36 laptop kernel: RAPL PMU: hw unit of domain pp1-gpu 2^-14 Joules
Jun 05 10:13:36 laptop kernel: RAPL PMU: hw unit of domain psys 2^-14 Joules
Jun 05 10:13:36 laptop kernel: intel-lpss 0000:00:15.3: enabling device (0000 -> 0002)
Jun 05 10:13:36 laptop kernel: idma64 idma64.2: Found Intel integrated DMA 64-bit
Jun 05 10:13:36 laptop kernel: intel_rapl_common: Found RAPL domain package
Jun 05 10:13:36 laptop kernel: intel_rapl_common: Found RAPL domain core
Jun 05 10:13:36 laptop kernel: intel_rapl_common: Found RAPL domain uncore
Jun 05 10:13:36 laptop kernel: intel_rapl_common: Found RAPL domain dram
Jun 05 10:13:36 laptop kernel: intel_rapl_common: Found RAPL domain psys
Jun 05 10:13:36 laptop kernel: i2c i2c-2: Successfully instantiated SPD at 0x50
Jun 05 10:13:36 laptop systemd-vconsole-setup[961]: Configuration of first virtual console was skipped, ignoring remaining ones.
Jun 05 10:13:36 laptop kernel: intel-lpss 0000:00:19.0: enabling device (0000 -> 0002)
Jun 05 10:13:36 laptop systemd[1]: Finished Virtual Console Setup.
Jun 05 10:13:36 laptop kernel: uvcvideo 1-6:1.0: Found UVC 1.00 device Integrated_Webcam_HD (0bda:5538)
Jun 05 10:13:36 laptop kernel: usbcore: registered new interface driver btusb
Jun 05 10:13:36 laptop kernel: intel_tcc_cooling: Programmable TCC Offset detected
Jun 05 10:13:36 laptop kernel: input: Dell WMI hotkeys as /devices/platform/PNP0C14:03/wmi_bus/wmi_bus-PNP0C14:03/9DBB5994-A997-11DA-B012-B622A1EF5492-8/input/input8
Jun 05 10:13:36 laptop systemd[1]: Starting Load/Save RF Kill Switch Status...
Jun 05 10:13:36 laptop kernel: Bluetooth: hci0: Found device firmware: intel/ibt-17-16-1.sfi
Jun 05 10:13:36 laptop kernel: Bluetooth: hci0: Boot Address: 0x40800
Jun 05 10:13:36 laptop kernel: Bluetooth: hci0: Firmware Version: 201-12.24
Jun 05 10:13:36 laptop kernel: Bluetooth: hci0: Firmware already loaded
Jun 05 10:13:36 laptop kernel: usbcore: registered new interface driver uvcvideo
Jun 05 10:13:36 laptop kernel: Bluetooth: hci0: HCI LE Coded PHY feature bit is set, but its usage is not supported.
Jun 05 10:13:36 laptop systemd[1]: Reached target Bluetooth Support.
